Archive member included to satisfy reference by file (symbol)

/usr/lib/gcc/arm-none-eabi/10.3.1/../../../arm-none-eabi/lib/thumb/v7e-m+fp/hard/libc_nano.a(lib_a-atexit.o)
                              /usr/lib/gcc/arm-none-eabi/10.3.1/../../../arm-none-eabi/lib/thumb/v7e-m+fp/hard/crt0.o (atexit)
/usr/lib/gcc/arm-none-eabi/10.3.1/../../../arm-none-eabi/lib/thumb/v7e-m+fp/hard/libc_nano.a(lib_a-atoi.o)
                              build/console.o (atoi)
/usr/lib/gcc/arm-none-eabi/10.3.1/../../../arm-none-eabi/lib/thumb/v7e-m+fp/hard/libc_nano.a(lib_a-exit.o)
                              /usr/lib/gcc/arm-none-eabi/10.3.1/../../../arm-none-eabi/lib/thumb/v7e-m+fp/hard/crt0.o (exit)
/usr/lib/gcc/arm-none-eabi/10.3.1/../../../arm-none-eabi/lib/thumb/v7e-m+fp/hard/libc_nano.a(lib_a-fini.o)
                              /usr/lib/gcc/arm-none-eabi/10.3.1/../../../arm-none-eabi/lib/thumb/v7e-m+fp/hard/crt0.o (__libc_fini_array)
/usr/lib/gcc/arm-none-eabi/10.3.1/../../../arm-none-eabi/lib/thumb/v7e-m+fp/hard/libc_nano.a(lib_a-impure.o)
                              /usr/lib/gcc/arm-none-eabi/10.3.1/../../../arm-none-eabi/lib/thumb/v7e-m+fp/hard/libc_nano.a(lib_a-exit.o) (_global_impure_ptr)
/usr/lib/gcc/arm-none-eabi/10.3.1/../../../arm-none-eabi/lib/thumb/v7e-m+fp/hard/libc_nano.a(lib_a-init.o)
                              /usr/lib/gcc/arm-none-eabi/10.3.1/../../../arm-none-eabi/lib/thumb/v7e-m+fp/hard/crt0.o (__libc_init_array)
/usr/lib/gcc/arm-none-eabi/10.3.1/../../../arm-none-eabi/lib/thumb/v7e-m+fp/hard/libc_nano.a(lib_a-memset.o)
                              /usr/lib/gcc/arm-none-eabi/10.3.1/../../../arm-none-eabi/lib/thumb/v7e-m+fp/hard/crt0.o (memset)
/usr/lib/gcc/arm-none-eabi/10.3.1/../../../arm-none-eabi/lib/thumb/v7e-m+fp/hard/libc_nano.a(lib_a-snprintf.o)
                              build/console.o (snprintf)
/usr/lib/gcc/arm-none-eabi/10.3.1/../../../arm-none-eabi/lib/thumb/v7e-m+fp/hard/libc_nano.a(lib_a-strtol.o)
                              /usr/lib/gcc/arm-none-eabi/10.3.1/../../../arm-none-eabi/lib/thumb/v7e-m+fp/hard/libc_nano.a(lib_a-atoi.o) (_strtol_r)
/usr/lib/gcc/arm-none-eabi/10.3.1/../../../arm-none-eabi/lib/thumb/v7e-m+fp/hard/libc_nano.a(lib_a-__atexit.o)
                              /usr/lib/gcc/arm-none-eabi/10.3.1/../../../arm-none-eabi/lib/thumb/v7e-m+fp/hard/libc_nano.a(lib_a-atexit.o) (__register_exitproc)
/usr/lib/gcc/arm-none-eabi/10.3.1/../../../arm-none-eabi/lib/thumb/v7e-m+fp/hard/libc_nano.a(lib_a-__call_atexit.o)
                              /usr/lib/gcc/arm-none-eabi/10.3.1/../../../arm-none-eabi/lib/thumb/v7e-m+fp/hard/libc_nano.a(lib_a-__atexit.o) (__call_exitprocs)
/usr/lib/gcc/arm-none-eabi/10.3.1/../../../arm-none-eabi/lib/thumb/v7e-m+fp/hard/libc_nano.a(lib_a-ctype_.o)
                              /usr/lib/gcc/arm-none-eabi/10.3.1/../../../arm-none-eabi/lib/thumb/v7e-m+fp/hard/libc_nano.a(lib_a-strtol.o) (_ctype_)
/usr/lib/gcc/arm-none-eabi/10.3.1/../../../arm-none-eabi/lib/thumb/v7e-m+fp/hard/libc_nano.a(lib_a-errno.o)
                              /usr/lib/gcc/arm-none-eabi/10.3.1/../../../arm-none-eabi/lib/thumb/v7e-m+fp/hard/libc_nano.a(lib_a-strtol.o) (__errno)
/usr/lib/gcc/arm-none-eabi/10.3.1/../../../arm-none-eabi/lib/thumb/v7e-m+fp/hard/libc_nano.a(lib_a-nano-svfprintf.o)
                              /usr/lib/gcc/arm-none-eabi/10.3.1/../../../arm-none-eabi/lib/thumb/v7e-m+fp/hard/libc_nano.a(lib_a-snprintf.o) (_svfprintf_r)
/usr/lib/gcc/arm-none-eabi/10.3.1/../../../arm-none-eabi/lib/thumb/v7e-m+fp/hard/libc_nano.a(lib_a-nano-vfprintf_i.o)
                              /usr/lib/gcc/arm-none-eabi/10.3.1/../../../arm-none-eabi/lib/thumb/v7e-m+fp/hard/libc_nano.a(lib_a-nano-svfprintf.o) (_printf_i)
/usr/lib/gcc/arm-none-eabi/10.3.1/../../../arm-none-eabi/lib/thumb/v7e-m+fp/hard/libc_nano.a(lib_a-memchr.o)
                              /usr/lib/gcc/arm-none-eabi/10.3.1/../../../arm-none-eabi/lib/thumb/v7e-m+fp/hard/libc_nano.a(lib_a-nano-svfprintf.o) (memchr)
/usr/lib/gcc/arm-none-eabi/10.3.1/../../../arm-none-eabi/lib/thumb/v7e-m+fp/hard/libc_nano.a(lib_a-memcpy.o)
                              /usr/lib/gcc/arm-none-eabi/10.3.1/../../../arm-none-eabi/lib/thumb/v7e-m+fp/hard/libc_nano.a(lib_a-nano-svfprintf.o) (memcpy)
/usr/lib/gcc/arm-none-eabi/10.3.1/../../../arm-none-eabi/lib/thumb/v7e-m+fp/hard/libc_nano.a(lib_a-memmove.o)
                              /usr/lib/gcc/arm-none-eabi/10.3.1/../../../arm-none-eabi/lib/thumb/v7e-m+fp/hard/libc_nano.a(lib_a-nano-svfprintf.o) (memmove)
/usr/lib/gcc/arm-none-eabi/10.3.1/../../../arm-none-eabi/lib/thumb/v7e-m+fp/hard/libc_nano.a(lib_a-nano-freer.o)
                              /usr/lib/gcc/arm-none-eabi/10.3.1/../../../arm-none-eabi/lib/thumb/v7e-m+fp/hard/libc_nano.a(lib_a-nano-svfprintf.o) (_free_r)
/usr/lib/gcc/arm-none-eabi/10.3.1/../../../arm-none-eabi/lib/thumb/v7e-m+fp/hard/libc_nano.a(lib_a-nano-mallocr.o)
[...]
Memory Configuration

Name             Origin             Length             Attributes
RAM              0x0000000020000000 0x0000000000020000 xrw
FLASH            0x0000000008000000 0x0000000000080000 xr
*default*        0x0000000000000000 0xffffffffffffffff

Linker script and memory map

LOAD /usr/lib/gcc/arm-none-eabi/10.3.1/thumb/v7e-m+fp/hard/crti.o
LOAD /usr/lib/gcc/arm-none-eabi/10.3.1/thumb/v7e-m+fp/hard/crtbegin.o
LOAD /usr/lib/gcc/arm-none-eabi/10.3.1/../../../arm-none-eabi/lib/thumb/v7e-m+fp/hard/crt0.o
LOAD build/main.o
LOAD build/gpio.o
LOAD build/spi.o
LOAD build/tim.o
LOAD build/led.o
LOAD build/console.o
LOAD build/usart.o
LOAD build/stm32f4xx_it.o
LOAD build/stm32f4xx_hal_msp.o
LOAD build/stm32f4xx_hal_spi.o
LOAD build/stm32f4xx_hal_rcc.o
LOAD build/stm32f4xx_hal_rcc_ex.o
LOAD build/stm32f4xx_hal_flash.o
LOAD build/stm32f4xx_hal_flash_ex.o
LOAD build/stm32f4xx_hal_flash_ramfunc.o
LOAD build/stm32f4xx_hal_gpio.o
LOAD build/stm32f4xx_hal_dma_ex.o
LOAD build/stm32f4xx_hal_dma.o
LOAD build/stm32f4xx_hal_pwr.o
LOAD build/stm32f4xx_hal_pwr_ex.o
LOAD build/stm32f4xx_hal_cortex.o
LOAD build/stm32f4xx_hal.o
LOAD build/stm32f4xx_hal_exti.o
LOAD build/stm32f4xx_hal_tim.o
LOAD build/stm32f4xx_hal_tim_ex.o
LOAD build/stm32f4xx_hal_uart.o
LOAD build/system_stm32f4xx.o
LOAD build/startup_stm32f446xx.o
LOAD /usr/lib/gcc/arm-none-eabi/10.3.1/../../../arm-none-eabi/lib/thumb/v7e-m+fp/hard/libc_nano.a
LOAD /usr/lib/gcc/arm-none-eabi/10.3.1/../../../arm-none-eabi/lib/thumb/v7e-m+fp/hard/libm.a
LOAD /usr/lib/gcc/arm-none-eabi/10.3.1/../../../arm-none-eabi/lib/thumb/v7e-m+fp/hard/libnosys.a
START GROUP
LOAD /usr/lib/gcc/arm-none-eabi/10.3.1/thumb/v7e-m+fp/hard/libgcc.a
LOAD /usr/lib/gcc/arm-none-eabi/10.3.1/../../../arm-none-eabi/lib/thumb/v7e-m+fp/hard/libc_nano.a
END GROUP
START GROUP
LOAD /usr/lib/gcc/arm-none-eabi/10.3.1/thumb/v7e-m+fp/hard/libgcc.a
LOAD /usr/lib/gcc/arm-none-eabi/10.3.1/../../../arm-none-eabi/lib/thumb/v7e-m+fp/hard/libc_nano.a
END GROUP
LOAD /usr/lib/gcc/arm-none-eabi/10.3.1/thumb/v7e-m+fp/hard/crtend.o
LOAD /usr/lib/gcc/arm-none-eabi/10.3.1/thumb/v7e-m+fp/hard/crtn.o
                0x0000000020020000                _estack = (ORIGIN (RAM) + LENGTH (RAM))
                0x0000000000000000                _Min_Heap_Size = 0x0
                0x0000000000000400                _Min_Stack_Size = 0x400

.isr_vector     0x0000000008000000      0x1c4
                0x0000000008000000                . = ALIGN (0x4)
 *(.isr_vector)
 .isr_vector    0x0000000008000000      0x1c4 build/startup_stm32f446xx.o
                0x0000000008000000                g_pfnVectors
                0x00000000080001c4                . = ALIGN (0x4)

.text           0x00000000080001d0     0x35d8
                0x00000000080001d0                . = ALIGN (0x4)
 *(.text)
 .text          0x00000000080001d0       0x88 /usr/lib/gcc/arm-none-eabi/10.3.1/thumb/v7e-m+fp/hard/crtbegin.o
 .text          0x0000000008000258       0x10 /usr/lib/gcc/arm-none-eabi/10.3.1/../../../arm-none-eabi/lib/thumb/v7e-m+fp/hard/libc_nano.a(lib_a-atoi.o)
                0x0000000008000258                atoi
                0x0000000008000260                _atoi_r
 .text          0x0000000008000268       0x48 /usr/lib/gcc/arm-none-eabi/10.3.1/../../../arm-none-eabi/lib/thumb/v7e-m+fp/hard/libc_nano.a(lib_a-init.o)
                0x0000000008000268                __libc_init_array
 .text          0x00000000080002b0       0xa4 /usr/lib/gcc/arm-none-eabi/10.3.1/../../../arm-none-eabi/lib/thumb/v7e-m+fp/hard/libc_nano.a(lib_a-memset.o)
                0x00000000080002b0                memset
 .text          0x0000000008000354      0x108 /usr/lib/gcc/arm-none-eabi/10.3.1/../../../arm-none-eabi/lib/thumb/v7e-m+fp/hard/libc_nano.a(lib_a-snprintf.o)
                0x0000000008000354                _sniprintf_r
                0x0000000008000354                _snprintf_r
                0x00000000080003d4                snprintf
                0x00000000080003d4                sniprintf
 .text          0x000000000800045c      0x188 /usr/lib/gcc/arm-none-eabi/10.3.1/../../../arm-none-eabi/lib/thumb/v7e-m+fp/hard/libc_nano.a(lib_a-strtol.o)
                0x000000000800057c                _strtol_r
                0x0000000008000594                strtol_l
                0x00000000080005bc                strtol
 .text          0x00000000080005e4        0xc /usr/lib/gcc/arm-none-eabi/10.3.1/../../../arm-none-eabi/lib/thumb/v7e-m+fp/hard/libc_nano.a(lib_a-errno.o)
                0x00000000080005e4                __errno
 .text          0x00000000080005f0      0x3f0 /usr/lib/gcc/arm-none-eabi/10.3.1/../../../arm-none-eabi/lib/thumb/v7e-m+fp/hard/libc_nano.a(lib_a-nano-svfprintf.o)
                0x00000000080005f0                __ssputs_r
                0x00000000080006b4                __ssprint_r
                0x00000000080007ac                _svfprintf_r
                0x00000000080007ac                _svfiprintf_r
 .text          0x00000000080009e0      0x3dc /usr/lib/gcc/arm-none-eabi/10.3.1/../../../arm-none-eabi/lib/thumb/v7e-m+fp/hard/libc_nano.a(lib_a-nano-vfprintf_i.o)
                0x00000000080009e0                _printf_common
                0x0000000008000b0c                _printf_i
 *fill*         0x0000000008000dbc        0x4 
 .text          0x0000000008000dc0       0xa0 /usr/lib/gcc/arm-none-eabi/10.3.1/../../../arm-none-eabi/lib/thumb/v7e-m+fp/hard/libc_nano.a(lib_a-memchr.o)
                0x0000000008000dc0                memchr
 .text          0x0000000008000e60      0x134 /usr/lib/gcc/arm-none-eabi/10.3.1/../../../arm-none-eabi/lib/thumb/v7e-m+fp/hard/libc_nano.a(lib_a-memcpy.o)
                0x0000000008000e60                memcpy
 .text          0x0000000008000f94       0xf8 /usr/lib/gcc/arm-none-eabi/10.3.1/../../../arm-none-eabi/lib/thumb/v7e-m+fp/hard/libc_nano.a(lib_a-memmove.o)
                0x0000000008000f94                memmove
 .text          0x000000000800108c       0xc4 /usr/lib/gcc/arm-none-eabi/10.3.1/../../../arm-none-eabi/lib/thumb/v7e-m+fp/hard/libc_nano.a(lib_a-nano-freer.o)
                0x000000000800108c                _free_r
 .text          0x0000000008001150       0xb4 /usr/lib/gcc/arm-none-eabi/10.3.1/../../../arm-none-eabi/lib/thumb/v7e-m+fp/hard/libc_nano.a(lib_a-nano-mallocr.o)
                0x0000000008001150                _malloc_r
 .text          0x0000000008001204       0x50 /usr/lib/gcc/arm-none-eabi/10.3.1/../../../arm-none-eabi/lib/thumb/v7e-m+fp/hard/libc_nano.a(lib_a-nano-reallocr.o)
                0x0000000008001204                _realloc_r
 .text          0x0000000008001254       0x24 /usr/lib/gcc/arm-none-eabi/10.3.1/../../../arm-none-eabi/lib/thumb/v7e-m+fp/hard/libc_nano.a(lib_a-sbrkr.o)
                0x0000000008001254                _sbrk_r
 .text          0x0000000008001278        0x8 /usr/lib/gcc/arm-none-eabi/10.3.1/../../../arm-none-eabi/lib/thumb/v7e-m+fp/hard/libc_nano.a(lib_a-mlock.o)
                0x0000000008001278                __malloc_lock
                0x000000000800127c                __malloc_unlock
 .text          0x0000000008001280       0x14 /usr/lib/gcc/arm-none-eabi/10.3.1/../../../arm-none-eabi/lib/thumb/v7e-m+fp/hard/libc_nano.a(lib_a-nano-msizer.o)
                0x0000000008001280                _malloc_usable_size_r
 .text          0x0000000008001294       0x1c /usr/lib/gcc/arm-none-eabi/10.3.1/../../../arm-none-eabi/lib/thumb/v7e-m+fp/hard/libnosys.a(sbrk.o)
                0x0000000008001294                _sbrk
 .text          0x00000000080012b0       0x30 /usr/lib/gcc/arm-none-eabi/10.3.1/thumb/v7e-m+fp/hard/libgcc.a(_aeabi_uldivmod.o)
                0x00000000080012b0                __aeabi_uldivmod
 .text          0x00000000080012e0      0x2d0 /usr/lib/gcc/arm-none-eabi/10.3.1/thumb/v7e-m+fp/hard/libgcc.a(_udivmoddi4.o)
                0x00000000080012e0                __udivmoddi4
 .text          0x00000000080015b0        0x4 /usr/lib/gcc/arm-none-eabi/10.3.1/thumb/v7e-m+fp/hard/libgcc.a(_dvmd_tls.o)
                0x00000000080015b0                __aeabi_ldiv0
                0x00000000080015b0                __aeabi_idiv0
 *(.text*)
 .text.Error_Handler
                0x00000000080015b4        0x4 build/main.o
                0x00000000080015b4                Error_Handler
 .text.SystemClock_Config
                0x00000000080015b8       0xa4 build/main.o
                0x00000000080015b8                SystemClock_Config
 .text.main     0x000000000800165c       0x28 build/main.o
                0x000000000800165c                main
 .text.MX_GPIO_Init
                0x0000000008001684       0xf8 build/gpio.o
                0x0000000008001684                MX_GPIO_Init
 .text.MX_SPI2_Init
                0x000000000800177c       0x40 build/spi.o
                0x000000000800177c                MX_SPI2_Init
 .text.HAL_SPI_MspInit
                0x00000000080017bc       0xb8 build/spi.o
                0x00000000080017bc                HAL_SPI_MspInit
 .text.MX_TIM1_Init
                0x0000000008001874       0xdc build/tim.o
                0x0000000008001874                MX_TIM1_Init
 .text.HAL_TIM_Base_MspInit
                0x0000000008001950       0x30 build/tim.o
                0x0000000008001950                HAL_TIM_Base_MspInit
 .text.led_set_blinkspeed
                0x0000000008001980       0x1c build/led.o
                0x0000000008001980                led_set_blinkspeed
 .text.led_enable
                0x000000000800199c       0x28 build/led.o
                0x000000000800199c                led_enable
 .text.led_disable
                0x00000000080019c4       0x1c build/led.o
                0x00000000080019c4                led_disable
 .text.led_update
                0x00000000080019e0       0x5c build/led.o
                0x00000000080019e0                led_update
 .text.led_read_blinkspeed
                0x0000000008001a3c       0x14 build/led.o
                0x0000000008001a3c                led_read_blinkspeed
 .text.consoleHomePrint
                0x0000000008001a50       0x18 build/console.o
 .text.consoleReturn
                0x0000000008001a68       0x14 build/console.o
 .text.consoleProcessBuffer
                0x0000000008001a7c      0x118 build/console.o
 .text.consoleCheckInput
                0x0000000008001b94       0xa0 build/console.o
 .text.consoleInit
                0x0000000008001c34       0x20 build/console.o
                0x0000000008001c34                consoleInit
 .text.consoleUpdate
                0x0000000008001c54        0x8 build/console.o
                0x0000000008001c54                consoleUpdate
 .text.MX_USART2_UART_Init
                0x0000000008001c5c       0x34 build/usart.o
                0x0000000008001c5c                MX_USART2_UART_Init
 .text.HAL_UART_MspInit
                0x0000000008001c90       0x7c build/usart.o
                0x0000000008001c90                HAL_UART_MspInit
 .text.NMI_Handler
                0x0000000008001d0c        0x2 build/stm32f4xx_it.o
                0x0000000008001d0c                NMI_Handler
 .text.HardFault_Handler
                0x0000000008001d0e        0x2 build/stm32f4xx_it.o
                0x0000000008001d0e                HardFault_Handler
 .text.MemManage_Handler
                0x0000000008001d10        0x2 build/stm32f4xx_it.o
                0x0000000008001d10                MemManage_Handler
 .text.BusFault_Handler
                0x0000000008001d12        0x2 build/stm32f4xx_it.o
                0x0000000008001d12                BusFault_Handler
 .text.UsageFault_Handler
                0x0000000008001d14        0x2 build/stm32f4xx_it.o
                0x0000000008001d14                UsageFault_Handler
 .text.SVC_Handler
                0x0000000008001d16        0x2 build/stm32f4xx_it.o
                0x0000000008001d16                SVC_Handler
 .text.DebugMon_Handler
                0x0000000008001d18        0x2 build/stm32f4xx_it.o
                0x0000000008001d18                DebugMon_Handler
 .text.PendSV_Handler
                0x0000000008001d1a        0x2 build/stm32f4xx_it.o
                0x0000000008001d1a                PendSV_Handler
 .text.SysTick_Handler
                0x0000000008001d1c        0x8 build/stm32f4xx_it.o
                0x0000000008001d1c                SysTick_Handler
 .text.USART2_IRQHandler
                0x0000000008001d24       0x18 build/stm32f4xx_it.o
                0x0000000008001d24                USART2_IRQHandler
 .text.HAL_MspInit
                0x0000000008001d3c       0x40 build/stm32f4xx_hal_msp.o
                0x0000000008001d3c                HAL_MspInit
 .text.HAL_SPI_Init
                0x0000000008001d7c       0xbe build/stm32f4xx_hal_spi.o
                0x0000000008001d7c                HAL_SPI_Init
 *fill*         0x0000000008001e3a        0x2 
 .text.HAL_RCC_ClockConfig
                0x0000000008001e3c      0x160 build/stm32f4xx_hal_rcc.o
                0x0000000008001e3c                HAL_RCC_ClockConfig
 .text.HAL_RCC_GetHCLKFreq
                0x0000000008001f9c        0xc build/stm32f4xx_hal_rcc.o
                0x0000000008001f9c                HAL_RCC_GetHCLKFreq
 .text.HAL_RCC_GetPCLK1Freq
                0x0000000008001fa8       0x20 build/stm32f4xx_hal_rcc.o
                0x0000000008001fa8                HAL_RCC_GetPCLK1Freq
 .text.HAL_RCC_GetPCLK2Freq
                0x0000000008001fc8       0x20 build/stm32f4xx_hal_rcc.o
                0x0000000008001fc8                HAL_RCC_GetPCLK2Freq
 .text.HAL_RCC_GetSysClockFreq
                0x0000000008001fe8      0x174 build/stm32f4xx_hal_rcc_ex.o
                0x0000000008001fe8                HAL_RCC_GetSysClockFreq
 .text.HAL_RCC_OscConfig
                0x000000000800215c      0x444 build/stm32f4xx_hal_rcc_ex.o
                0x000000000800215c                HAL_RCC_OscConfig
 .text.HAL_GPIO_Init
                0x00000000080025a0      0x1d8 build/stm32f4xx_hal_gpio.o
                0x00000000080025a0                HAL_GPIO_Init
 .text.HAL_GPIO_WritePin
                0x0000000008002778        0xc build/stm32f4xx_hal_gpio.o
                0x0000000008002778                HAL_GPIO_WritePin
 .text.HAL_GPIO_TogglePin
                0x0000000008002784       0x12 build/stm32f4xx_hal_gpio.o
                0x0000000008002784                HAL_GPIO_TogglePin
 .text.HAL_DMA_Abort
                0x0000000008002796       0x94 build/stm32f4xx_hal_dma.o
                0x0000000008002796                HAL_DMA_Abort
 .text.HAL_DMA_Abort_IT
                0x000000000800282a       0x26 build/stm32f4xx_hal_dma.o
                0x000000000800282a                HAL_DMA_Abort_IT
 .text.HAL_NVIC_SetPriorityGrouping
                0x0000000008002850       0x24 build/stm32f4xx_hal_cortex.o
                0x0000000008002850                HAL_NVIC_SetPriorityGrouping
 .text.HAL_NVIC_SetPriority
                0x0000000008002874       0x70 build/stm32f4xx_hal_cortex.o
                0x0000000008002874                HAL_NVIC_SetPriority
 .text.HAL_NVIC_EnableIRQ
                0x00000000080028e4       0x1c build/stm32f4xx_hal_cortex.o
                0x00000000080028e4                HAL_NVIC_EnableIRQ
 .text.HAL_SYSTICK_Config
                0x0000000008002900       0x28 build/stm32f4xx_hal_cortex.o
                0x0000000008002900                HAL_SYSTICK_Config
 .text.HAL_InitTick
                0x0000000008002928       0x4c build/stm32f4xx_hal.o
                0x0000000008002928                HAL_InitTick
 .text.HAL_Init
                0x0000000008002974       0x34 build/stm32f4xx_hal.o
                0x0000000008002974                HAL_Init
 .text.HAL_IncTick
                0x00000000080029a8       0x18 build/stm32f4xx_hal.o
                0x00000000080029a8                HAL_IncTick
 .text.HAL_GetTick
                0x00000000080029c0        0xc build/stm32f4xx_hal.o
                0x00000000080029c0                HAL_GetTick
 .text.TIM_OC1_SetConfig
                0x00000000080029cc       0x68 build/stm32f4xx_hal_tim.o
 .text.TIM_OC3_SetConfig
                0x0000000008002a34       0x70 build/stm32f4xx_hal_tim.o
 .text.TIM_OC4_SetConfig
                0x0000000008002aa4       0x50 build/stm32f4xx_hal_tim.o
 .text.TIM_TI1_ConfigInputStage
                0x0000000008002af4       0x26 build/stm32f4xx_hal_tim.o
 .text.TIM_TI2_ConfigInputStage
                0x0000000008002b1a       0x28 build/stm32f4xx_hal_tim.o
 .text.TIM_ITRx_SetConfig
                0x0000000008002b42       0x10 build/stm32f4xx_hal_tim.o
 .text.HAL_TIM_OC_MspInit
                0x0000000008002b52        0x2 build/stm32f4xx_hal_tim.o
                0x0000000008002b52                HAL_TIM_OC_MspInit
 .text.TIM_Base_SetConfig
                0x0000000008002b54       0xc8 build/stm32f4xx_hal_tim.o
                0x0000000008002b54                TIM_Base_SetConfig
 .text.HAL_TIM_Base_Init
                0x0000000008002c1c       0x58 build/stm32f4xx_hal_tim.o
                0x0000000008002c1c                HAL_TIM_Base_Init
 .text.HAL_TIM_OC_Init
                0x0000000008002c74       0x58 build/stm32f4xx_hal_tim.o
                0x0000000008002c74                HAL_TIM_OC_Init
 .text.TIM_OC2_SetConfig
                0x0000000008002ccc       0x70 build/stm32f4xx_hal_tim.o
                0x0000000008002ccc                TIM_OC2_SetConfig
 .text.HAL_TIM_OC_ConfigChannel
                0x0000000008002d3c       0x5e build/stm32f4xx_hal_tim.o
                0x0000000008002d3c                HAL_TIM_OC_ConfigChannel
 .text.TIM_ETR_SetConfig
                0x0000000008002d9a       0x1a build/stm32f4xx_hal_tim.o
                0x0000000008002d9a                TIM_ETR_SetConfig
 .text.HAL_TIM_ConfigClockSource
                0x0000000008002db4       0xfe build/stm32f4xx_hal_tim.o
                0x0000000008002db4                HAL_TIM_ConfigClockSource
 *fill*         0x0000000008002eb2        0x2 
 .text.HAL_TIMEx_MasterConfigSynchronization
                0x0000000008002eb4       0x8c build/stm32f4xx_hal_tim_ex.o
                0x0000000008002eb4                HAL_TIMEx_MasterConfigSynchronization
 .text.HAL_TIMEx_ConfigBreakDeadTime
                0x0000000008002f40       0x52 build/stm32f4xx_hal_tim_ex.o
                0x0000000008002f40                HAL_TIMEx_ConfigBreakDeadTime
 .text.UART_EndRxTransfer
                0x0000000008002f92       0x5c build/stm32f4xx_hal_uart.o
 .text.UART_Transmit_IT
                0x0000000008002fee       0x60 build/stm32f4xx_hal_uart.o
 *fill*         0x000000000800304e        0x2 
 .text.UART_SetConfig
                0x0000000008003050      0x110 build/stm32f4xx_hal_uart.o
 .text.UART_WaitOnFlagUntilTimeout
                0x0000000008003160       0x88 build/stm32f4xx_hal_uart.o
 .text.HAL_UART_Init
                0x00000000080031e8       0x5e build/stm32f4xx_hal_uart.o
                0x00000000080031e8                HAL_UART_Init
 .text.HAL_UART_Transmit
                0x0000000008003246       0xd8 build/stm32f4xx_hal_uart.o
                0x0000000008003246                HAL_UART_Transmit
 .text.HAL_UART_TxCpltCallback
                0x000000000800331e        0x2 build/stm32f4xx_hal_uart.o
                0x000000000800331e                HAL_UART_TxCpltCallback
 .text.UART_EndTransmit_IT
                0x0000000008003320       0x1a build/stm32f4xx_hal_uart.o
 .text.HAL_UART_RxCpltCallback
                0x000000000800333a        0x2 build/stm32f4xx_hal_uart.o
                0x000000000800333a                HAL_UART_RxCpltCallback
 .text.HAL_UART_ErrorCallback
                0x000000000800333c        0x2 build/stm32f4xx_hal_uart.o
                0x000000000800333c                HAL_UART_ErrorCallback
 .text.UART_DMAAbortOnError
                0x000000000800333e       0x10 build/stm32f4xx_hal_uart.o
 .text.HAL_UARTEx_RxEventCallback
                0x000000000800334e        0x2 build/stm32f4xx_hal_uart.o
                0x000000000800334e                HAL_UARTEx_RxEventCallback
 .text.UART_Receive_IT
                0x0000000008003350       0xe2 build/stm32f4xx_hal_uart.o
 *fill*         0x0000000008003432        0x2 
 .text.HAL_UART_IRQHandler
                0x0000000008003434      0x280 build/stm32f4xx_hal_uart.o
                0x0000000008003434                HAL_UART_IRQHandler
 .text.UART_Start_Receive_IT
                0x00000000080036b4       0x3a build/stm32f4xx_hal_uart.o
                0x00000000080036b4                UART_Start_Receive_IT
 .text.HAL_UART_Receive_IT
                0x00000000080036ee       0x38 build/stm32f4xx_hal_uart.o
                0x00000000080036ee                HAL_UART_Receive_IT
 *fill*         0x0000000008003726        0x2 
 .text.SystemInit
                0x0000000008003728       0x14 build/system_stm32f4xx.o
                0x0000000008003728                SystemInit
 .text.Reset_Handler
                0x000000000800373c       0x50 build/startup_stm32f446xx.o
                0x000000000800373c                Reset_Handler
 .text.Default_Handler
                0x000000000800378c        0x2 build/startup_stm32f446xx.o
                0x000000000800378c                RTC_Alarm_IRQHandler
                0x000000000800378c                EXTI2_IRQHandler
                0x000000000800378c                TIM8_CC_IRQHandler
                0x000000000800378c                FMPI2C1_EV_IRQHandler
                0x000000000800378c                SPI4_IRQHandler
                0x000000000800378c                TIM1_CC_IRQHandler
                0x000000000800378c                DMA2_Stream5_IRQHandler
                0x000000000800378c                DMA1_Stream5_IRQHandler
                0x000000000800378c                PVD_IRQHandler
                0x000000000800378c                SDIO_IRQHandler
                0x000000000800378c                TAMP_STAMP_IRQHandler
                0x000000000800378c                CAN2_RX1_IRQHandler
                0x000000000800378c                EXTI3_IRQHandler
                0x000000000800378c                TIM8_TRG_COM_TIM14_IRQHandler
                0x000000000800378c                TIM1_UP_TIM10_IRQHandler
                0x000000000800378c                TIM8_UP_TIM13_IRQHandler
                0x000000000800378c                I2C3_ER_IRQHandler
                0x000000000800378c                EXTI0_IRQHandler
                0x000000000800378c                I2C2_EV_IRQHandler
                0x000000000800378c                DMA1_Stream2_IRQHandler
                0x000000000800378c                CAN1_RX0_IRQHandler
                0x000000000800378c                FPU_IRQHandler
                0x000000000800378c                OTG_HS_WKUP_IRQHandler
                0x000000000800378c                CAN2_SCE_IRQHandler
                0x000000000800378c                DMA2_Stream2_IRQHandler
                0x000000000800378c                SPI1_IRQHandler
                0x000000000800378c                TIM6_DAC_IRQHandler
                0x000000000800378c                TIM1_BRK_TIM9_IRQHandler
                0x000000000800378c                DCMI_IRQHandler
                0x000000000800378c                CAN2_RX0_IRQHandler
                0x000000000800378c                DMA2_Stream3_IRQHandler
                0x000000000800378c                SAI2_IRQHandler
                0x000000000800378c                USART6_IRQHandler
                0x000000000800378c                USART3_IRQHandler
                0x000000000800378c                CAN1_RX1_IRQHandler
                0x000000000800378c                UART5_IRQHandler
                0x000000000800378c                DMA2_Stream0_IRQHandler
                0x000000000800378c                TIM4_IRQHandler
                0x000000000800378c                QUADSPI_IRQHandler
                0x000000000800378c                I2C1_EV_IRQHandler
                0x000000000800378c                DMA1_Stream6_IRQHandler
                0x000000000800378c                DMA1_Stream1_IRQHandler
                0x000000000800378c                UART4_IRQHandler
                0x000000000800378c                TIM3_IRQHandler
                0x000000000800378c                RCC_IRQHandler
                0x000000000800378c                TIM8_BRK_TIM12_IRQHandler
                0x000000000800378c                Default_Handler
                0x000000000800378c                CEC_IRQHandler
                0x000000000800378c                EXTI15_10_IRQHandler
                0x000000000800378c                ADC_IRQHandler
                0x000000000800378c                DMA1_Stream7_IRQHandler
                0x000000000800378c                TIM7_IRQHandler
                0x000000000800378c                CAN2_TX_IRQHandler
                0x000000000800378c                TIM5_IRQHandler
                0x000000000800378c                DMA2_Stream7_IRQHandler
                0x000000000800378c                I2C3_EV_IRQHandler
                0x000000000800378c                EXTI9_5_IRQHandler
                0x000000000800378c                RTC_WKUP_IRQHandler
                0x000000000800378c                SPDIF_RX_IRQHandler
                0x000000000800378c                SPI2_IRQHandler
                0x000000000800378c                OTG_HS_EP1_IN_IRQHandler
                0x000000000800378c                DMA1_Stream0_IRQHandler
                0x000000000800378c                CAN1_TX_IRQHandler
                0x000000000800378c                FMPI2C1_ER_IRQHandler
                0x000000000800378c                EXTI4_IRQHandler
                0x000000000800378c                OTG_HS_EP1_OUT_IRQHandler
                0x000000000800378c                WWDG_IRQHandler
                0x000000000800378c                TIM2_IRQHandler
                0x000000000800378c                OTG_FS_WKUP_IRQHandler
                0x000000000800378c                TIM1_TRG_COM_TIM11_IRQHandler
                0x000000000800378c                OTG_HS_IRQHandler
                0x000000000800378c                EXTI1_IRQHandler
                0x000000000800378c                I2C2_ER_IRQHandler
                0x000000000800378c                DMA2_Stream1_IRQHandler
                0x000000000800378c                CAN1_SCE_IRQHandler
                0x000000000800378c                FLASH_IRQHandler
                0x000000000800378c                DMA2_Stream4_IRQHandler
                0x000000000800378c                USART1_IRQHandler
                0x000000000800378c                OTG_FS_IRQHandler
                0x000000000800378c                SPI3_IRQHandler
                0x000000000800378c                DMA1_Stream4_IRQHandler
                0x000000000800378c                I2C1_ER_IRQHandler
                0x000000000800378c                FMC_IRQHandler
                0x000000000800378c                DMA2_Stream6_IRQHandler
                0x000000000800378c                SAI1_IRQHandler
                0x000000000800378c                DMA1_Stream3_IRQHandler
 *(.glue_7)
 .glue_7        0x000000000800378e        0x0 linker stubs
 *(.glue_7t)
 .glue_7t       0x000000000800378e        0x0 linker stubs
 *(.eh_frame)
 *fill*         0x000000000800378e        0x2 
 .eh_frame      0x0000000008003790        0x0 /usr/lib/gcc/arm-none-eabi/10.3.1/thumb/v7e-m+fp/hard/crtbegin.o
 *(.init)
 .init          0x0000000008003790        0x4 /usr/lib/gcc/arm-none-eabi/10.3.1/thumb/v7e-m+fp/hard/crti.o
                0x0000000008003790                _init
 .init          0x0000000008003794        0x8 /usr/lib/gcc/arm-none-eabi/10.3.1/thumb/v7e-m+fp/hard/crtn.o
 *(.fini)
 .fini          0x000000000800379c        0x4 /usr/lib/gcc/arm-none-eabi/10.3.1/thumb/v7e-m+fp/hard/crti.o
                0x000000000800379c                _fini
 .fini          0x00000000080037a0        0x8 /usr/lib/gcc/arm-none-eabi/10.3.1/thumb/v7e-m+fp/hard/crtn.o
                0x00000000080037a8                . = ALIGN (0x4)
                0x00000000080037a8                _etext = .

.vfp11_veneer   0x00000000080037a8        0x0
 .vfp11_veneer  0x00000000080037a8        0x0 linker stubs

.v4_bx          0x00000000080037a8        0x0
 .v4_bx         0x00000000080037a8        0x0 linker stubs

.iplt           0x00000000080037a8        0x0
 .iplt          0x00000000080037a8        0x0 /usr/lib/gcc/arm-none-eabi/10.3.1/thumb/v7e-m+fp/hard/crtbegin.o

.rodata         0x00000000080037a8      0x220
                0x00000000080037a8                . = ALIGN (0x4)
 *(.rodata)
 .rodata        0x00000000080037a8      0x101 /usr/lib/gcc/arm-none-eabi/10.3.1/../../../arm-none-eabi/lib/thumb/v7e-m+fp/hard/libc_nano.a(lib_a-ctype_.o)
                0x00000000080037a8                _ctype_
 *(.rodata*)
 *fill*         0x00000000080038a9        0x3 
 .rodata.consoleHomePrint.str1.4
                0x00000000080038ac       0x66 build/console.o
 *fill*         0x0000000008003912        0x2 
 .rodata.consoleProcessBuffer.str1.4
                0x0000000008003914       0x5a build/console.o
 *fill*         0x000000000800396e        0x2 
 .rodata.consoleCheckInput.str1.4
                0x0000000008003970        0x4 build/console.o
 .rodata.AHBPrescTable
                0x0000000008003974       0x10 build/system_stm32f4xx.o
                0x0000000008003974                AHBPrescTable
 .rodata.APBPrescTable
                0x0000000008003984        0x8 build/system_stm32f4xx.o
                0x0000000008003984                APBPrescTable
 .rodata.str1.4
                0x000000000800398c       0x13 /usr/lib/gcc/arm-none-eabi/10.3.1/../../../arm-none-eabi/lib/thumb/v7e-m+fp/hard/libc_nano.a(lib_a-nano-svfprintf.o)
 *fill*         0x000000000800399f        0x1 
 .rodata.str1.4
                0x00000000080039a0       0x25 /usr/lib/gcc/arm-none-eabi/10.3.1/../../../arm-none-eabi/lib/thumb/v7e-m+fp/hard/libc_nano.a(lib_a-nano-vfprintf_i.o)
                0x00000000080039c8                . = ALIGN (0x4)
 *fill*         0x00000000080039c5        0x3 

.ARM.extab
 *(.ARM.extab* .gnu.linkonce.armextab.*)

.ARM            0x00000000080039c8        0x8
                0x00000000080039c8                __exidx_start = .
 *(.ARM.exidx*)
 .ARM.exidx     0x00000000080039c8        0x8 /usr/lib/gcc/arm-none-eabi/10.3.1/thumb/v7e-m+fp/hard/libgcc.a(_udivmoddi4.o)
                0x00000000080039d0                __exidx_end = .

.rel.dyn        0x00000000080039d0        0x0
 .rel.iplt      0x00000000080039d0        0x0 /usr/lib/gcc/arm-none-eabi/10.3.1/thumb/v7e-m+fp/hard/crtbegin.o

.preinit_array  0x00000000080039d0        0x0
                0x00000000080039d0                PROVIDE (__preinit_array_start = .)
 *(.preinit_array*)
                0x00000000080039d0                PROVIDE (__preinit_array_end = .)

.init_array     0x00000000080039d0        0x4
                0x00000000080039d0                PROVIDE (__init_array_start = .)
 *(SORT_BY_NAME(.init_array.*))
 *(.init_array*)
 .init_array    0x00000000080039d0        0x4 /usr/lib/gcc/arm-none-eabi/10.3.1/thumb/v7e-m+fp/hard/crtbegin.o
                0x00000000080039d4                PROVIDE (__init_array_end = .)

.fini_array     0x00000000080039d4        0x4
                0x00000000080039d4                PROVIDE (__fini_array_start = .)
 *(SORT_BY_NAME(.fini_array.*))
 *(.fini_array*)
 .fini_array    0x00000000080039d4        0x4 /usr/lib/gcc/arm-none-eabi/10.3.1/thumb/v7e-m+fp/hard/crtbegin.o
                0x00000000080039d8                PROVIDE (__fini_array_end = .)
                0x00000000080039d8                _sidata = LOADADDR (.data)

.data           0x0000000020000000       0x70 load address 0x00000000080039d8
                0x0000000020000000                . = ALIGN (0x4)
                0x0000000020000000                _sdata = .
 *(.data)
 .data          0x0000000020000000       0x64 /usr/lib/gcc/arm-none-eabi/10.3.1/../../../arm-none-eabi/lib/thumb/v7e-m+fp/hard/libc_nano.a(lib_a-impure.o)
                0x0000000020000000                _impure_ptr
 *(.data*)
 .data.uwTickFreq
                0x0000000020000064        0x1 build/stm32f4xx_hal.o
                0x0000000020000064                uwTickFreq
 *fill*         0x0000000020000065        0x3 
 .data.uwTickPrio
                0x0000000020000068        0x4 build/stm32f4xx_hal.o
                0x0000000020000068                uwTickPrio
 .data.SystemCoreClock
                0x000000002000006c        0x4 build/system_stm32f4xx.o
                0x000000002000006c                SystemCoreClock
                0x0000000020000070                . = ALIGN (0x4)
                0x0000000020000070                _edata = .

.tm_clone_table
                0x0000000020000070        0x0 load address 0x0000000008003a48
 .tm_clone_table
                0x0000000020000070        0x0 /usr/lib/gcc/arm-none-eabi/10.3.1/thumb/v7e-m+fp/hard/crtbegin.o
 .tm_clone_table
                0x0000000020000070        0x0 /usr/lib/gcc/arm-none-eabi/10.3.1/thumb/v7e-m+fp/hard/crtend.o

.igot.plt       0x0000000020000070        0x0 load address 0x0000000008003a48
 .igot.plt      0x0000000020000070        0x0 /usr/lib/gcc/arm-none-eabi/10.3.1/thumb/v7e-m+fp/hard/crtbegin.o
                0x0000000020000070                . = ALIGN (0x4)

.bss            0x0000000020000070      0x22c load address 0x0000000008003a48
                0x0000000020000070                _sbss = .
                0x0000000020000070                __bss_start__ = _sbss
 *(.bss)
 .bss           0x0000000020000070       0x1c /usr/lib/gcc/arm-none-eabi/10.3.1/thumb/v7e-m+fp/hard/crtbegin.o
 .bss           0x000000002000008c        0x8 /usr/lib/gcc/arm-none-eabi/10.3.1/../../../arm-none-eabi/lib/thumb/v7e-m+fp/hard/libc_nano.a(lib_a-nano-mallocr.o)
                0x000000002000008c                __malloc_free_list
                0x0000000020000090                __malloc_sbrk_start
 .bss           0x0000000020000094        0x4 /usr/lib/gcc/arm-none-eabi/10.3.1/../../../arm-none-eabi/lib/thumb/v7e-m+fp/hard/libc_nano.a(lib_a-reent.o)
                0x0000000020000094                errno
 .bss           0x0000000020000098        0x4 /usr/lib/gcc/arm-none-eabi/10.3.1/../../../arm-none-eabi/lib/thumb/v7e-m+fp/hard/libnosys.a(sbrk.o)
 *(.bss*)
 .bss.hspi2     0x000000002000009c       0x58 build/spi.o
                0x000000002000009c                hspi2
 .bss.htim1     0x00000000200000f4       0x48 build/tim.o
                0x00000000200000f4                htim1
 .bss.ui32BlinkLength
                0x000000002000013c        0x4 build/led.o
 .bss.ui32BlinkTick
                0x0000000020000140        0x4 build/led.o
 .bss.ui32LedEnabled
                0x0000000020000144        0x4 build/led.o
 .bss.userBlinkspeed
                0x0000000020000148        0x4 build/led.o
 .bss.aui8RxBuffer
                0x000000002000014c      0x100 build/console.o
 .bss.eConsoleState
                0x000000002000024c        0x4 build/console.o
 .bss.g_ui8NewDataFlag
                0x0000000020000250        0x1 build/console.o
                0x0000000020000250                g_ui8NewDataFlag
 .bss.ui8RxChar
                0x0000000020000251        0x1 build/console.o
 .bss.ui8RxIndex
                0x0000000020000252        0x1 build/console.o
 *fill*         0x0000000020000253        0x1 
 .bss.huart2    0x0000000020000254       0x44 build/usart.o
                0x0000000020000254                huart2
 .bss.uwTick    0x0000000020000298        0x4 build/stm32f4xx_hal.o
                0x0000000020000298                uwTick
 *(COMMON)
                0x000000002000029c                . = ALIGN (0x4)
                0x000000002000029c                _ebss = .
                0x000000002000029c                __bss_end__ = _ebss

._user_heap_stack
                0x000000002000029c      0x404 load address 0x0000000008003a48
                0x00000000200002a0                . = ALIGN (0x8)
 *fill*         0x000000002000029c        0x4 
                0x00000000200002a0                PROVIDE (end = .)
                [!provide]                        PROVIDE (_end = .)
                0x00000000200002a0                . = (. + _Min_Heap_Size)
                0x00000000200006a0                . = (. + _Min_Stack_Size)
 *fill*         0x00000000200002a0      0x400 
                0x00000000200006a0                . = ALIGN (0x8)

/DISCARD/
 libc.a(*)
 libm.a(*)
 libgcc.a(*)

.ARM.attributes
                0x0000000000000000       0x30
 *(.ARM.attributes)
 .ARM.attributes
                0x0000000000000000       0x1e /usr/lib/gcc/arm-none-eabi/10.3.1/thumb/v7e-m+fp/hard/crti.o
 .ARM.attributes
                0x000000000000001e       0x34 /usr/lib/gcc/arm-none-eabi/10.3.1/thumb/v7e-m+fp/hard/crtbegin.o
 .ARM.attributes
                0x0000000000000052       0x34 build/main.o
 .ARM.attributes
                0x0000000000000086       0x34 build/gpio.o
 .ARM.attributes
                0x00000000000000ba       0x34 build/spi.o
 .ARM.attributes
                0x00000000000000ee       0x34 build/tim.o
 .ARM.attributes
                0x0000000000000122       0x34 build/led.o
 .ARM.attributes
                0x0000000000000156       0x34 build/console.o
 .ARM.attributes
                0x000000000000018a       0x34 build/usart.o
 .ARM.attributes
                0x00000000000001be       0x34 build/stm32f4xx_it.o
 .ARM.attributes
                0x00000000000001f2       0x34 build/stm32f4xx_hal_msp.o
 .ARM.attributes
                0x0000000000000226       0x34 build/stm32f4xx_hal_spi.o
 .ARM.attributes
                0x000000000000025a       0x34 build/stm32f4xx_hal_rcc.o
 .ARM.attributes
                0x000000000000028e       0x34 build/stm32f4xx_hal_rcc_ex.o
 .ARM.attributes
                0x00000000000002c2       0x34 build/stm32f4xx_hal_gpio.o
 .ARM.attributes
                0x00000000000002f6       0x34 build/stm32f4xx_hal_dma.o
 .ARM.attributes
                0x000000000000032a       0x34 build/stm32f4xx_hal_cortex.o
 .ARM.attributes
                0x000000000000035e       0x34 build/stm32f4xx_hal.o
 .ARM.attributes
                0x0000000000000392       0x34 build/stm32f4xx_hal_tim.o
 .ARM.attributes
                0x00000000000003c6       0x34 build/stm32f4xx_hal_tim_ex.o
 .ARM.attributes
                0x00000000000003fa       0x34 build/stm32f4xx_hal_uart.o
 .ARM.attributes
                0x000000000000042e       0x34 build/system_stm32f4xx.o
 .ARM.attributes
                0x0000000000000462       0x21 build/startup_stm32f446xx.o
 .ARM.attributes
                0x0000000000000483       0x34 /usr/lib/gcc/arm-none-eabi/10.3.1/../../../arm-none-eabi/lib/thumb/v7e-m+fp/hard/libc_nano.a(lib_a-atoi.o)
 .ARM.attributes
                0x00000000000004b7       0x32 /usr/lib/gcc/arm-none-eabi/10.3.1/../../../arm-none-eabi/lib/thumb/v7e-m+fp/hard/libc_nano.a(lib_a-impure.o)
 .ARM.attributes
                0x00000000000004e9       0x34 /usr/lib/gcc/arm-none-eabi/10.3.1/../../../arm-none-eabi/lib/thumb/v7e-m+fp/hard/libc_nano.a(lib_a-init.o)
 .ARM.attributes
                0x000000000000051d       0x34 /usr/lib/gcc/arm-none-eabi/10.3.1/../../../arm-none-eabi/lib/thumb/v7e-m+fp/hard/libc_nano.a(lib_a-memset.o)
 .ARM.attributes
                0x0000000000000551       0x34 /usr/lib/gcc/arm-none-eabi/10.3.1/../../../arm-none-eabi/lib/thumb/v7e-m+fp/hard/libc_nano.a(lib_a-snprintf.o)
 .ARM.attributes
                0x0000000000000585       0x34 /usr/lib/gcc/arm-none-eabi/10.3.1/../../../arm-none-eabi/lib/thumb/v7e-m+fp/hard/libc_nano.a(lib_a-strtol.o)
 .ARM.attributes
                0x00000000000005b9       0x32 /usr/lib/gcc/arm-none-eabi/10.3.1/../../../arm-none-eabi/lib/thumb/v7e-m+fp/hard/libc_nano.a(lib_a-ctype_.o)
 .ARM.attributes
                0x00000000000005eb       0x34 /usr/lib/gcc/arm-none-eabi/10.3.1/../../../arm-none-eabi/lib/thumb/v7e-m+fp/hard/libc_nano.a(lib_a-errno.o)
 .ARM.attributes
                0x000000000000061f       0x34 /usr/lib/gcc/arm-none-eabi/10.3.1/../../../arm-none-eabi/lib/thumb/v7e-m+fp/hard/libc_nano.a(lib_a-nano-svfprintf.o)
 .ARM.attributes
                0x0000000000000653       0x34 /usr/lib/gcc/arm-none-eabi/10.3.1/../../../arm-none-eabi/lib/thumb/v7e-m+fp/hard/libc_nano.a(lib_a-nano-vfprintf_i.o)
 .ARM.attributes
                0x0000000000000687       0x1c /usr/lib/gcc/arm-none-eabi/10.3.1/../../../arm-none-eabi/lib/thumb/v7e-m+fp/hard/libc_nano.a(lib_a-memchr.o)
 .ARM.attributes
                0x00000000000006a3       0x1c /usr/lib/gcc/arm-none-eabi/10.3.1/../../../arm-none-eabi/lib/thumb/v7e-m+fp/hard/libc_nano.a(lib_a-memcpy.o)
 .ARM.attributes
                0x00000000000006bf       0x34 /usr/lib/gcc/arm-none-eabi/10.3.1/../../../arm-none-eabi/lib/thumb/v7e-m+fp/hard/libc_nano.a(lib_a-memmove.o)
 .ARM.attributes
                0x00000000000006f3       0x34 /usr/lib/gcc/arm-none-eabi/10.3.1/../../../arm-none-eabi/lib/thumb/v7e-m+fp/hard/libc_nano.a(lib_a-nano-freer.o)
 .ARM.attributes
                0x0000000000000727       0x34 /usr/lib/gcc/arm-none-eabi/10.3.1/../../../arm-none-eabi/lib/thumb/v7e-m+fp/hard/libc_nano.a(lib_a-nano-mallocr.o)
 .ARM.attributes
                0x000000000000075b       0x34 /usr/lib/gcc/arm-none-eabi/10.3.1/../../../arm-none-eabi/lib/thumb/v7e-m+fp/hard/libc_nano.a(lib_a-nano-reallocr.o)
 .ARM.attributes
                0x000000000000078f       0x34 /usr/lib/gcc/arm-none-eabi/10.3.1/../../../arm-none-eabi/lib/thumb/v7e-m+fp/hard/libc_nano.a(lib_a-sbrkr.o)
 .ARM.attributes
                0x00000000000007c3       0x34 /usr/lib/gcc/arm-none-eabi/10.3.1/../../../arm-none-eabi/lib/thumb/v7e-m+fp/hard/libc_nano.a(lib_a-mlock.o)
 .ARM.attributes
                0x00000000000007f7       0x34 /usr/lib/gcc/arm-none-eabi/10.3.1/../../../arm-none-eabi/lib/thumb/v7e-m+fp/hard/libc_nano.a(lib_a-nano-msizer.o)
 .ARM.attributes
                0x000000000000082b       0x34 /usr/lib/gcc/arm-none-eabi/10.3.1/../../../arm-none-eabi/lib/thumb/v7e-m+fp/hard/libc_nano.a(lib_a-reent.o)
 .ARM.attributes
                0x000000000000085f       0x34 /usr/lib/gcc/arm-none-eabi/10.3.1/../../../arm-none-eabi/lib/thumb/v7e-m+fp/hard/libnosys.a(sbrk.o)
 .ARM.attributes
                0x0000000000000893       0x1e /usr/lib/gcc/arm-none-eabi/10.3.1/thumb/v7e-m+fp/hard/libgcc.a(_aeabi_uldivmod.o)
 .ARM.attributes
                0x00000000000008b1       0x34 /usr/lib/gcc/arm-none-eabi/10.3.1/thumb/v7e-m+fp/hard/libgcc.a(_udivmoddi4.o)
 .ARM.attributes
                0x00000000000008e5       0x1e /usr/lib/gcc/arm-none-eabi/10.3.1/thumb/v7e-m+fp/hard/libgcc.a(_dvmd_tls.o)
 .ARM.attributes
                0x0000000000000903       0x32 /usr/lib/gcc/arm-none-eabi/10.3.1/thumb/v7e-m+fp/hard/crtend.o
 .ARM.attributes
                0x0000000000000935       0x1e /usr/lib/gcc/arm-none-eabi/10.3.1/thumb/v7e-m+fp/hard/crtn.o
OUTPUT(build/stm32_breakout.elf elf32-littlearm)
LOAD linker stubs
LOAD /usr/lib/gcc/arm-none-eabi/10.3.1/../../../arm-none-eabi/lib/thumb/v7e-m+fp/hard/libc.a
LOAD /usr/lib/gcc/arm-none-eabi/10.3.1/../../../arm-none-eabi/lib/thumb/v7e-m+fp/hard/libm.a
LOAD /usr/lib/gcc/arm-none-eabi/10.3.1/thumb/v7e-m+fp/hard/libgcc.a

.comment        0x0000000000000000       0x33
 .comment       0x0000000000000000       0x33 /usr/lib/gcc/arm-none-eabi/10.3.1/thumb/v7e-m+fp/hard/crtbegin.o
                                         0x34 (size before relaxing)
 .comment       0x0000000000000033       0x34 build/main.o
 .comment       0x0000000000000033       0x34 build/gpio.o
 .comment       0x0000000000000033       0x34 build/spi.o
 .comment       0x0000000000000033       0x34 build/tim.o
 .comment       0x0000000000000033       0x34 build/led.o
 .comment       0x0000000000000033       0x34 build/console.o
 .comment       0x0000000000000033       0x34 build/usart.o
 .comment       0x0000000000000033       0x34 build/stm32f4xx_it.o
 .comment       0x0000000000000033       0x34 build/stm32f4xx_hal_msp.o
 .comment       0x0000000000000033       0x34 build/stm32f4xx_hal_spi.o
 .comment       0x0000000000000033       0x34 build/stm32f4xx_hal_rcc.o
 .comment       0x0000000000000033       0x34 build/stm32f4xx_hal_rcc_ex.o
 .comment       0x0000000000000033       0x34 build/stm32f4xx_hal_gpio.o
 .comment       0x0000000000000033       0x34 build/stm32f4xx_hal_dma.o
 .comment       0x0000000000000033       0x34 build/stm32f4xx_hal_cortex.o
 .comment       0x0000000000000033       0x34 build/stm32f4xx_hal.o
 .comment       0x0000000000000033       0x34 build/stm32f4xx_hal_tim.o
 .comment       0x0000000000000033       0x34 build/stm32f4xx_hal_tim_ex.o
 .comment       0x0000000000000033       0x34 build/stm32f4xx_hal_uart.o
 .comment       0x0000000000000033       0x34 build/system_stm32f4xx.o
 .comment       0x0000000000000033       0x34 /usr/lib/gcc/arm-none-eabi/10.3.1/../../../arm-none-eabi/lib/thumb/v7e-m+fp/hard/libc_nano.a(lib_a-atoi.o)
 .comment       0x0000000000000033       0x34 /usr/lib/gcc/arm-none-eabi/10.3.1/../../../arm-none-eabi/lib/thumb/v7e-m+fp/hard/libc_nano.a(lib_a-impure.o)
 .comment       0x0000000000000033       0x34 /usr/lib/gcc/arm-none-eabi/10.3.1/../../../arm-none-eabi/lib/thumb/v7e-m+fp/hard/libc_nano.a(lib_a-init.o)
 .comment       0x0000000000000033       0x34 /usr/lib/gcc/arm-none-eabi/10.3.1/../../../arm-none-eabi/lib/thumb/v7e-m+fp/hard/libc_nano.a(lib_a-memset.o)
 .comment       0x0000000000000033       0x34 /usr/lib/gcc/arm-none-eabi/10.3.1/../../../arm-none-eabi/lib/thumb/v7e-m+fp/hard/libc_nano.a(lib_a-snprintf.o)
 .comment       0x0000000000000033       0x34 /usr/lib/gcc/arm-none-eabi/10.3.1/../../../arm-none-eabi/lib/thumb/v7e-m+fp/hard/libc_nano.a(lib_a-strtol.o)
 .comment       0x0000000000000033       0x34 /usr/lib/gcc/arm-none-eabi/10.3.1/../../../arm-none-eabi/lib/thumb/v7e-m+fp/hard/libc_nano.a(lib_a-ctype_.o)
 .comment       0x0000000000000033       0x34 /usr/lib/gcc/arm-none-eabi/10.3.1/../../../arm-none-eabi/lib/thumb/v7e-m+fp/hard/libc_nano.a(lib_a-errno.o)
 .comment       0x0000000000000033       0x34 /usr/lib/gcc/arm-none-eabi/10.3.1/../../../arm-none-eabi/lib/thumb/v7e-m+fp/hard/libc_nano.a(lib_a-nano-svfprintf.o)
 .comment       0x0000000000000033       0x34 /usr/lib/gcc/arm-none-eabi/10.3.1/../../../arm-none-eabi/lib/thumb/v7e-m+fp/hard/libc_nano.a(lib_a-nano-vfprintf_i.o)
 .comment       0x0000000000000033       0x34 /usr/lib/gcc/arm-none-eabi/10.3.1/../../../arm-none-eabi/lib/thumb/v7e-m+fp/hard/libc_nano.a(lib_a-memmove.o)
 .comment       0x0000000000000033       0x34 /usr/lib/gcc/arm-none-eabi/10.3.1/../../../arm-none-eabi/lib/thumb/v7e-m+fp/hard/libc_nano.a(lib_a-nano-freer.o)
 .comment       0x0000000000000033       0x34 /usr/lib/gcc/arm-none-eabi/10.3.1/../../../arm-none-eabi/lib/thumb/v7e-m+fp/hard/libc_nano.a(lib_a-nano-mallocr.o)
 .comment       0x0000000000000033       0x34 /usr/lib/gcc/arm-none-eabi/10.3.1/../../../arm-none-eabi/lib/thumb/v7e-m+fp/hard/libc_nano.a(lib_a-nano-reallocr.o)
 .comment       0x0000000000000033       0x34 /usr/lib/gcc/arm-none-eabi/10.3.1/../../../arm-none-eabi/lib/thumb/v7e-m+fp/hard/libc_nano.a(lib_a-sbrkr.o)
 .comment       0x0000000000000033       0x34 /usr/lib/gcc/arm-none-eabi/10.3.1/../../../arm-none-eabi/lib/thumb/v7e-m+fp/hard/libc_nano.a(lib_a-mlock.o)
 .comment       0x0000000000000033       0x34 /usr/lib/gcc/arm-none-eabi/10.3.1/../../../arm-none-eabi/lib/thumb/v7e-m+fp/hard/libc_nano.a(lib_a-nano-msizer.o)
 .comment       0x0000000000000033       0x34 /usr/lib/gcc/arm-none-eabi/10.3.1/../../../arm-none-eabi/lib/thumb/v7e-m+fp/hard/libc_nano.a(lib_a-reent.o)
 .comment       0x0000000000000033       0x34 /usr/lib/gcc/arm-none-eabi/10.3.1/../../../arm-none-eabi/lib/thumb/v7e-m+fp/hard/libnosys.a(sbrk.o)
 .comment       0x0000000000000033       0x34 /usr/lib/gcc/arm-none-eabi/10.3.1/thumb/v7e-m+fp/hard/libgcc.a(_udivmoddi4.o)
 .comment       0x0000000000000033       0x34 /usr/lib/gcc/arm-none-eabi/10.3.1/thumb/v7e-m+fp/hard/crtend.o

.debug_info     0x0000000000000000    0x1f85a
 .debug_info    0x0000000000000000      0x6c1 build/main.o
 .debug_info    0x00000000000006c1      0x599 build/gpio.o
 .debug_info    0x0000000000000c5a      0xba5 build/spi.o
 .debug_info    0x00000000000017ff      0xd3f build/tim.o
 .debug_info    0x000000000000253e      0x357 build/led.o
 .debug_info    0x0000000000002895      0xb0c build/console.o
 .debug_info    0x00000000000033a1      0xd96 build/usart.o
 .debug_info    0x0000000000004137      0x70e build/stm32f4xx_it.o
 .debug_info    0x0000000000004845      0x349 build/stm32f4xx_hal_msp.o
 .debug_info    0x0000000000004b8e     0x1ff1 build/stm32f4xx_hal_spi.o
 .debug_info    0x0000000000006b7f      0xc09 build/stm32f4xx_hal_rcc.o
 .debug_info    0x0000000000007788      0xda1 build/stm32f4xx_hal_rcc_ex.o
 .debug_info    0x0000000000008529      0x888 build/stm32f4xx_hal_gpio.o
 .debug_info    0x0000000000008db1      0xbb9 build/stm32f4xx_hal_dma.o
 .debug_info    0x000000000000996a     0x116e build/stm32f4xx_hal_cortex.o
 .debug_info    0x000000000000aad8      0xb25 build/stm32f4xx_hal.o
 .debug_info    0x000000000000b5fd     0x4049 build/stm32f4xx_hal_tim.o
 .debug_info    0x000000000000f646     0x1c52 build/stm32f4xx_hal_tim_ex.o
 .debug_info    0x0000000000011298     0x43b7 build/stm32f4xx_hal_uart.o
 .debug_info    0x000000000001564f      0x5df build/system_stm32f4xx.o
 .debug_info    0x0000000000015c2e       0x22 build/startup_stm32f446xx.o
 .debug_info    0x0000000000015c50      0x848 /usr/lib/gcc/arm-none-eabi/10.3.1/../../../arm-none-eabi/lib/thumb/v7e-m+fp/hard/libc_nano.a(lib_a-atoi.o)
 .debug_info    0x0000000000016498      0x863 /usr/lib/gcc/arm-none-eabi/10.3.1/../../../arm-none-eabi/lib/thumb/v7e-m+fp/hard/libc_nano.a(lib_a-impure.o)
 .debug_info    0x0000000000016cfb      0x11a /usr/lib/gcc/arm-none-eabi/10.3.1/../../../arm-none-eabi/lib/thumb/v7e-m+fp/hard/libc_nano.a(lib_a-init.o)
 .debug_info    0x0000000000016e15      0x137 /usr/lib/gcc/arm-none-eabi/10.3.1/../../../arm-none-eabi/lib/thumb/v7e-m+fp/hard/libc_nano.a(lib_a-memset.o)
 .debug_info    0x0000000000016f4c      0x9b5 /usr/lib/gcc/arm-none-eabi/10.3.1/../../../arm-none-eabi/lib/thumb/v7e-m+fp/hard/libc_nano.a(lib_a-snprintf.o)
 .debug_info    0x0000000000017901      0xf00 /usr/lib/gcc/arm-none-eabi/10.3.1/../../../arm-none-eabi/lib/thumb/v7e-m+fp/hard/libc_nano.a(lib_a-strtol.o)
 .debug_info    0x0000000000018801       0xb8 /usr/lib/gcc/arm-none-eabi/10.3.1/../../../arm-none-eabi/lib/thumb/v7e-m+fp/hard/libc_nano.a(lib_a-ctype_.o)
 .debug_info    0x00000000000188b9      0x7ae /usr/lib/gcc/arm-none-eabi/10.3.1/../../../arm-none-eabi/lib/thumb/v7e-m+fp/hard/libc_nano.a(lib_a-errno.o)
 .debug_info    0x0000000000019067     0x10d5 /usr/lib/gcc/arm-none-eabi/10.3.1/../../../arm-none-eabi/lib/thumb/v7e-m+fp/hard/libc_nano.a(lib_a-nano-svfprintf.o)
 .debug_info    0x000000000001a13c      0xe9e /usr/lib/gcc/arm-none-eabi/10.3.1/../../../arm-none-eabi/lib/thumb/v7e-m+fp/hard/libc_nano.a(lib_a-nano-vfprintf_i.o)
 .debug_info    0x000000000001afda       0x26 /usr/lib/gcc/arm-none-eabi/10.3.1/../../../arm-none-eabi/lib/thumb/v7e-m+fp/hard/libc_nano.a(lib_a-memchr.o)
 .debug_info    0x000000000001b000       0x26 /usr/lib/gcc/arm-none-eabi/10.3.1/../../../arm-none-eabi/lib/thumb/v7e-m+fp/hard/libc_nano.a(lib_a-memcpy.o)
 .debug_info    0x000000000001b026      0x152 /usr/lib/gcc/arm-none-eabi/10.3.1/../../../arm-none-eabi/lib/thumb/v7e-m+fp/hard/libc_nano.a(lib_a-memmove.o)
 .debug_info    0x000000000001b178      0x903 /usr/lib/gcc/arm-none-eabi/10.3.1/../../../arm-none-eabi/lib/thumb/v7e-m+fp/hard/libc_nano.a(lib_a-nano-freer.o)
 .debug_info    0x000000000001ba7b      0xa0c /usr/lib/gcc/arm-none-eabi/10.3.1/../../../arm-none-eabi/lib/thumb/v7e-m+fp/hard/libc_nano.a(lib_a-nano-mallocr.o)
 .debug_info    0x000000000001c487      0x911 /usr/lib/gcc/arm-none-eabi/10.3.1/../../../arm-none-eabi/lib/thumb/v7e-m+fp/hard/libc_nano.a(lib_a-nano-reallocr.o)
 .debug_info    0x000000000001cd98      0x828 /usr/lib/gcc/arm-none-eabi/10.3.1/../../../arm-none-eabi/lib/thumb/v7e-m+fp/hard/libc_nano.a(lib_a-sbrkr.o)
 .debug_info    0x000000000001d5c0      0x7dc /usr/lib/gcc/arm-none-eabi/10.3.1/../../../arm-none-eabi/lib/thumb/v7e-m+fp/hard/libc_nano.a(lib_a-mlock.o)
 .debug_info    0x000000000001dd9c      0x840 /usr/lib/gcc/arm-none-eabi/10.3.1/../../../arm-none-eabi/lib/thumb/v7e-m+fp/hard/libc_nano.a(lib_a-nano-msizer.o)
 .debug_info    0x000000000001e5dc      0xa7e /usr/lib/gcc/arm-none-eabi/10.3.1/../../../arm-none-eabi/lib/thumb/v7e-m+fp/hard/libc_nano.a(lib_a-reent.o)
 .debug_info    0x000000000001f05a       0x9d /usr/lib/gcc/arm-none-eabi/10.3.1/../../../arm-none-eabi/lib/thumb/v7e-m+fp/hard/libnosys.a(sbrk.o)
 .debug_info    0x000000000001f0f7       0x26 /usr/lib/gcc/arm-none-eabi/10.3.1/thumb/v7e-m+fp/hard/libgcc.a(_aeabi_uldivmod.o)
 .debug_info    0x000000000001f11d      0x717 /usr/lib/gcc/arm-none-eabi/10.3.1/thumb/v7e-m+fp/hard/libgcc.a(_udivmoddi4.o)
 .debug_info    0x000000000001f834       0x26 /usr/lib/gcc/arm-none-eabi/10.3.1/thumb/v7e-m+fp/hard/libgcc.a(_dvmd_tls.o)

.debug_abbrev   0x0000000000000000     0x4bf5
 .debug_abbrev  0x0000000000000000      0x1d8 build/main.o
 .debug_abbrev  0x00000000000001d8      0x151 build/gpio.o
 .debug_abbrev  0x0000000000000329      0x1d7 build/spi.o
 .debug_abbrev  0x0000000000000500      0x1f7 build/tim.o
 .debug_abbrev  0x00000000000006f7      0x170 build/led.o
 .debug_abbrev  0x0000000000000867      0x23b build/console.o
 .debug_abbrev  0x0000000000000aa2      0x1e7 build/usart.o
 .debug_abbrev  0x0000000000000c89      0x172 build/stm32f4xx_it.o
 .debug_abbrev  0x0000000000000dfb       0xf7 build/stm32f4xx_hal_msp.o
 .debug_abbrev  0x0000000000000ef2      0x2a6 build/stm32f4xx_hal_spi.o
 .debug_abbrev  0x0000000000001198      0x2aa build/stm32f4xx_hal_rcc.o
 .debug_abbrev  0x0000000000001442      0x240 build/stm32f4xx_hal_rcc_ex.o
 .debug_abbrev  0x0000000000001682      0x22b build/stm32f4xx_hal_gpio.o
 .debug_abbrev  0x00000000000018ad      0x2ff build/stm32f4xx_hal_dma.o
 .debug_abbrev  0x0000000000001bac      0x382 build/stm32f4xx_hal_cortex.o
 .debug_abbrev  0x0000000000001f2e      0x209 build/stm32f4xx_hal.o
 .debug_abbrev  0x0000000000002137      0x282 build/stm32f4xx_hal_tim.o
 .debug_abbrev  0x00000000000023b9      0x298 build/stm32f4xx_hal_tim_ex.o
 .debug_abbrev  0x0000000000002651      0x356 build/stm32f4xx_hal_uart.o
 .debug_abbrev  0x00000000000029a7      0x11b build/system_stm32f4xx.o
 .debug_abbrev  0x0000000000002ac2       0x12 build/startup_stm32f446xx.o
 .debug_abbrev  0x0000000000002ad4      0x187 /usr/lib/gcc/arm-none-eabi/10.3.1/../../../arm-none-eabi/lib/thumb/v7e-m+fp/hard/libc_nano.a(lib_a-atoi.o)
 .debug_abbrev  0x0000000000002c5b      0x151 /usr/lib/gcc/arm-none-eabi/10.3.1/../../../arm-none-eabi/lib/thumb/v7e-m+fp/hard/libc_nano.a(lib_a-impure.o)
 .debug_abbrev  0x0000000000002dac       0xcc /usr/lib/gcc/arm-none-eabi/10.3.1/../../../arm-none-eabi/lib/thumb/v7e-m+fp/hard/libc_nano.a(lib_a-init.o)
 .debug_abbrev  0x0000000000002e78       0xb4 /usr/lib/gcc/arm-none-eabi/10.3.1/../../../arm-none-eabi/lib/thumb/v7e-m+fp/hard/libc_nano.a(lib_a-memset.o)
 .debug_abbrev  0x0000000000002f2c      0x216 /usr/lib/gcc/arm-none-eabi/10.3.1/../../../arm-none-eabi/lib/thumb/v7e-m+fp/hard/libc_nano.a(lib_a-snprintf.o)
 .debug_abbrev  0x0000000000003142      0x2cf /usr/lib/gcc/arm-none-eabi/10.3.1/../../../arm-none-eabi/lib/thumb/v7e-m+fp/hard/libc_nano.a(lib_a-strtol.o)
 .debug_abbrev  0x0000000000003411       0x62 /usr/lib/gcc/arm-none-eabi/10.3.1/../../../arm-none-eabi/lib/thumb/v7e-m+fp/hard/libc_nano.a(lib_a-ctype_.o)
 .debug_abbrev  0x0000000000003473      0x157 /usr/lib/gcc/arm-none-eabi/10.3.1/../../../arm-none-eabi/lib/thumb/v7e-m+fp/hard/libc_nano.a(lib_a-errno.o)
 .debug_abbrev  0x00000000000035ca      0x2ca /usr/lib/gcc/arm-none-eabi/10.3.1/../../../arm-none-eabi/lib/thumb/v7e-m+fp/hard/libc_nano.a(lib_a-nano-svfprintf.o)
 .debug_abbrev  0x0000000000003894      0x25c /usr/lib/gcc/arm-none-eabi/10.3.1/../../../arm-none-eabi/lib/thumb/v7e-m+fp/hard/libc_nano.a(lib_a-nano-vfprintf_i.o)
 .debug_abbrev  0x0000000000003af0       0x14 /usr/lib/gcc/arm-none-eabi/10.3.1/../../../arm-none-eabi/lib/thumb/v7e-m+fp/hard/libc_nano.a(lib_a-memchr.o)
 .debug_abbrev  0x0000000000003b04       0x14 /usr/lib/gcc/arm-none-eabi/10.3.1/../../../arm-none-eabi/lib/thumb/v7e-m+fp/hard/libc_nano.a(lib_a-memcpy.o)
 .debug_abbrev  0x0000000000003b18       0xc0 /usr/lib/gcc/arm-none-eabi/10.3.1/../../../arm-none-eabi/lib/thumb/v7e-m+fp/hard/libc_nano.a(lib_a-memmove.o)
 .debug_abbrev  0x0000000000003bd8      0x235 /usr/lib/gcc/arm-none-eabi/10.3.1/../../../arm-none-eabi/lib/thumb/v7e-m+fp/hard/libc_nano.a(lib_a-nano-freer.o)
 .debug_abbrev  0x0000000000003e0d      0x290 /usr/lib/gcc/arm-none-eabi/10.3.1/../../../arm-none-eabi/lib/thumb/v7e-m+fp/hard/libc_nano.a(lib_a-nano-mallocr.o)
 .debug_abbrev  0x000000000000409d      0x1d6 /usr/lib/gcc/arm-none-eabi/10.3.1/../../../arm-none-eabi/lib/thumb/v7e-m+fp/hard/libc_nano.a(lib_a-nano-reallocr.o)
 .debug_abbrev  0x0000000000004273      0x1d6 /usr/lib/gcc/arm-none-eabi/10.3.1/../../../arm-none-eabi/lib/thumb/v7e-m+fp/hard/libc_nano.a(lib_a-sbrkr.o)
 .debug_abbrev  0x0000000000004449      0x189 /usr/lib/gcc/arm-none-eabi/10.3.1/../../../arm-none-eabi/lib/thumb/v7e-m+fp/hard/libc_nano.a(lib_a-mlock.o)
 .debug_abbrev  0x00000000000045d2      0x191 /usr/lib/gcc/arm-none-eabi/10.3.1/../../../arm-none-eabi/lib/thumb/v7e-m+fp/hard/libc_nano.a(lib_a-nano-msizer.o)
 .debug_abbrev  0x0000000000004763      0x265 /usr/lib/gcc/arm-none-eabi/10.3.1/../../../arm-none-eabi/lib/thumb/v7e-m+fp/hard/libc_nano.a(lib_a-reent.o)
 .debug_abbrev  0x00000000000049c8       0xa2 /usr/lib/gcc/arm-none-eabi/10.3.1/../../../arm-none-eabi/lib/thumb/v7e-m+fp/hard/libnosys.a(sbrk.o)
 .debug_abbrev  0x0000000000004a6a       0x14 /usr/lib/gcc/arm-none-eabi/10.3.1/thumb/v7e-m+fp/hard/libgcc.a(_aeabi_uldivmod.o)
 .debug_abbrev  0x0000000000004a7e      0x163 /usr/lib/gcc/arm-none-eabi/10.3.1/thumb/v7e-m+fp/hard/libgcc.a(_udivmoddi4.o)
 .debug_abbrev  0x0000000000004be1       0x14 /usr/lib/gcc/arm-none-eabi/10.3.1/thumb/v7e-m+fp/hard/libgcc.a(_dvmd_tls.o)

.debug_loc      0x0000000000000000    0x168e4
 .debug_loc     0x0000000000000000       0x66 build/main.o
 .debug_loc     0x0000000000000066       0x38 build/gpio.o
 .debug_loc     0x000000000000009e      0x108 build/spi.o
 .debug_loc     0x00000000000001a6       0x72 build/tim.o
 .debug_loc     0x0000000000000218       0x86 build/led.o
 .debug_loc     0x000000000000029e      0x1dd build/console.o
 .debug_loc     0x000000000000047b      0x108 build/usart.o
 .debug_loc     0x0000000000000583       0x40 build/stm32f4xx_it.o
 .debug_loc     0x00000000000005c3       0x38 build/stm32f4xx_hal_msp.o
 .debug_loc     0x00000000000005fb     0x2501 build/stm32f4xx_hal_spi.o
 .debug_loc     0x0000000000002afc      0x700 build/stm32f4xx_hal_rcc.o
 .debug_loc     0x00000000000031fc      0xfda build/stm32f4xx_hal_rcc_ex.o
 .debug_loc     0x00000000000041d6      0x5e8 build/stm32f4xx_hal_gpio.o
 .debug_loc     0x00000000000047be      0xd6d build/stm32f4xx_hal_dma.o
 .debug_loc     0x000000000000552b      0x7a4 build/stm32f4xx_hal_cortex.o
 .debug_loc     0x0000000000005ccf      0x1e1 build/stm32f4xx_hal.o
 .debug_loc     0x0000000000005eb0     0x5ba0 build/stm32f4xx_hal_tim.o
 .debug_loc     0x000000000000ba50     0x2137 build/stm32f4xx_hal_tim_ex.o
 .debug_loc     0x000000000000db87     0x4fef build/stm32f4xx_hal_uart.o
 .debug_loc     0x0000000000012b76      0x158 build/system_stm32f4xx.o
 .debug_loc     0x0000000000012cce       0x6f /usr/lib/gcc/arm-none-eabi/10.3.1/../../../arm-none-eabi/lib/thumb/v7e-m+fp/hard/libc_nano.a(lib_a-atoi.o)
 .debug_loc     0x0000000000012d3d       0xba /usr/lib/gcc/arm-none-eabi/10.3.1/../../../arm-none-eabi/lib/thumb/v7e-m+fp/hard/libc_nano.a(lib_a-init.o)
 .debug_loc     0x0000000000012df7      0x22c /usr/lib/gcc/arm-none-eabi/10.3.1/../../../arm-none-eabi/lib/thumb/v7e-m+fp/hard/libc_nano.a(lib_a-memset.o)
 .debug_loc     0x0000000000013023      0x2b1 /usr/lib/gcc/arm-none-eabi/10.3.1/../../../arm-none-eabi/lib/thumb/v7e-m+fp/hard/libc_nano.a(lib_a-snprintf.o)
 .debug_loc     0x00000000000132d4      0xaa7 /usr/lib/gcc/arm-none-eabi/10.3.1/../../../arm-none-eabi/lib/thumb/v7e-m+fp/hard/libc_nano.a(lib_a-strtol.o)
 .debug_loc     0x0000000000013d7b      0x82e /usr/lib/gcc/arm-none-eabi/10.3.1/../../../arm-none-eabi/lib/thumb/v7e-m+fp/hard/libc_nano.a(lib_a-nano-svfprintf.o)
 .debug_loc     0x00000000000145a9      0x5dd /usr/lib/gcc/arm-none-eabi/10.3.1/../../../arm-none-eabi/lib/thumb/v7e-m+fp/hard/libc_nano.a(lib_a-nano-vfprintf_i.o)
 .debug_loc     0x0000000000014b86      0x34f /usr/lib/gcc/arm-none-eabi/10.3.1/../../../arm-none-eabi/lib/thumb/v7e-m+fp/hard/libc_nano.a(lib_a-memmove.o)
 .debug_loc     0x0000000000014ed5      0x203 /usr/lib/gcc/arm-none-eabi/10.3.1/../../../arm-none-eabi/lib/thumb/v7e-m+fp/hard/libc_nano.a(lib_a-nano-freer.o)
 .debug_loc     0x00000000000150d8      0x3cd /usr/lib/gcc/arm-none-eabi/10.3.1/../../../arm-none-eabi/lib/thumb/v7e-m+fp/hard/libc_nano.a(lib_a-nano-mallocr.o)
 .debug_loc     0x00000000000154a5      0x133 /usr/lib/gcc/arm-none-eabi/10.3.1/../../../arm-none-eabi/lib/thumb/v7e-m+fp/hard/libc_nano.a(lib_a-nano-reallocr.o)
 .debug_loc     0x00000000000155d8       0x6c /usr/lib/gcc/arm-none-eabi/10.3.1/../../../arm-none-eabi/lib/thumb/v7e-m+fp/hard/libc_nano.a(lib_a-sbrkr.o)
 .debug_loc     0x0000000000015644       0x86 /usr/lib/gcc/arm-none-eabi/10.3.1/../../../arm-none-eabi/lib/thumb/v7e-m+fp/hard/libc_nano.a(lib_a-nano-msizer.o)
 .debug_loc     0x00000000000156ca      0x1cd /usr/lib/gcc/arm-none-eabi/10.3.1/../../../arm-none-eabi/lib/thumb/v7e-m+fp/hard/libc_nano.a(lib_a-reent.o)
 .debug_loc     0x0000000000015897       0x3e /usr/lib/gcc/arm-none-eabi/10.3.1/../../../arm-none-eabi/lib/thumb/v7e-m+fp/hard/libnosys.a(sbrk.o)
 .debug_loc     0x00000000000158d5     0x100f /usr/lib/gcc/arm-none-eabi/10.3.1/thumb/v7e-m+fp/hard/libgcc.a(_udivmoddi4.o)

.debug_aranges  0x0000000000000000     0x11b8
 .debug_aranges
                0x0000000000000000       0x30 build/main.o
 .debug_aranges
                0x0000000000000030       0x20 build/gpio.o
 .debug_aranges
                0x0000000000000050       0x30 build/spi.o
 .debug_aranges
                0x0000000000000080       0x30 build/tim.o
 .debug_aranges
                0x00000000000000b0       0x40 build/led.o
 .debug_aranges
                0x00000000000000f0       0x48 build/console.o
 .debug_aranges
                0x0000000000000138       0x30 build/usart.o
 .debug_aranges
                0x0000000000000168       0x68 build/stm32f4xx_it.o
 .debug_aranges
                0x00000000000001d0       0x20 build/stm32f4xx_hal_msp.o
 .debug_aranges
                0x00000000000001f0      0x1d0 build/stm32f4xx_hal_spi.o
 .debug_aranges
                0x00000000000003c0       0x88 build/stm32f4xx_hal_rcc.o
 .debug_aranges
                0x0000000000000448       0x78 build/stm32f4xx_hal_rcc_ex.o
 .debug_aranges
                0x00000000000004c0       0x58 build/stm32f4xx_hal_gpio.o
 .debug_aranges
                0x0000000000000518       0x90 build/stm32f4xx_hal_dma.o
 .debug_aranges
                0x00000000000005a8       0xa8 build/stm32f4xx_hal_cortex.o
 .debug_aranges
                0x0000000000000650       0xf0 build/stm32f4xx_hal.o
 .debug_aranges
                0x0000000000000740      0x3d0 build/stm32f4xx_hal_tim.o
 .debug_aranges
                0x0000000000000b10      0x168 build/stm32f4xx_hal_tim_ex.o
 .debug_aranges
                0x0000000000000c78      0x200 build/stm32f4xx_hal_uart.o
 .debug_aranges
                0x0000000000000e78       0x28 build/system_stm32f4xx.o
 .debug_aranges
                0x0000000000000ea0       0x28 build/startup_stm32f446xx.o
 .debug_aranges
                0x0000000000000ec8       0x20 /usr/lib/gcc/arm-none-eabi/10.3.1/../../../arm-none-eabi/lib/thumb/v7e-m+fp/hard/libc_nano.a(lib_a-atoi.o)
 .debug_aranges
                0x0000000000000ee8       0x18 /usr/lib/gcc/arm-none-eabi/10.3.1/../../../arm-none-eabi/lib/thumb/v7e-m+fp/hard/libc_nano.a(lib_a-impure.o)
 .debug_aranges
                0x0000000000000f00       0x20 /usr/lib/gcc/arm-none-eabi/10.3.1/../../../arm-none-eabi/lib/thumb/v7e-m+fp/hard/libc_nano.a(lib_a-init.o)
 .debug_aranges
                0x0000000000000f20       0x20 /usr/lib/gcc/arm-none-eabi/10.3.1/../../../arm-none-eabi/lib/thumb/v7e-m+fp/hard/libc_nano.a(lib_a-memset.o)
 .debug_aranges
                0x0000000000000f40       0x20 /usr/lib/gcc/arm-none-eabi/10.3.1/../../../arm-none-eabi/lib/thumb/v7e-m+fp/hard/libc_nano.a(lib_a-snprintf.o)
 .debug_aranges
                0x0000000000000f60       0x20 /usr/lib/gcc/arm-none-eabi/10.3.1/../../../arm-none-eabi/lib/thumb/v7e-m+fp/hard/libc_nano.a(lib_a-strtol.o)
 .debug_aranges
                0x0000000000000f80       0x18 /usr/lib/gcc/arm-none-eabi/10.3.1/../../../arm-none-eabi/lib/thumb/v7e-m+fp/hard/libc_nano.a(lib_a-ctype_.o)
 .debug_aranges
                0x0000000000000f98       0x20 /usr/lib/gcc/arm-none-eabi/10.3.1/../../../arm-none-eabi/lib/thumb/v7e-m+fp/hard/libc_nano.a(lib_a-errno.o)
 .debug_aranges
                0x0000000000000fb8       0x20 /usr/lib/gcc/arm-none-eabi/10.3.1/../../../arm-none-eabi/lib/thumb/v7e-m+fp/hard/libc_nano.a(lib_a-nano-svfprintf.o)
 .debug_aranges
                0x0000000000000fd8       0x20 /usr/lib/gcc/arm-none-eabi/10.3.1/../../../arm-none-eabi/lib/thumb/v7e-m+fp/hard/libc_nano.a(lib_a-nano-vfprintf_i.o)
 .debug_aranges
                0x0000000000000ff8       0x20 /usr/lib/gcc/arm-none-eabi/10.3.1/../../../arm-none-eabi/lib/thumb/v7e-m+fp/hard/libc_nano.a(lib_a-memchr.o)
 .debug_aranges
                0x0000000000001018       0x20 /usr/lib/gcc/arm-none-eabi/10.3.1/../../../arm-none-eabi/lib/thumb/v7e-m+fp/hard/libc_nano.a(lib_a-memcpy.o)
 .debug_aranges
                0x0000000000001038       0x20 /usr/lib/gcc/arm-none-eabi/10.3.1/../../../arm-none-eabi/lib/thumb/v7e-m+fp/hard/libc_nano.a(lib_a-memmove.o)
 .debug_aranges
                0x0000000000001058       0x20 /usr/lib/gcc/arm-none-eabi/10.3.1/../../../arm-none-eabi/lib/thumb/v7e-m+fp/hard/libc_nano.a(lib_a-nano-freer.o)
 .debug_aranges
                0x0000000000001078       0x20 /usr/lib/gcc/arm-none-eabi/10.3.1/../../../arm-none-eabi/lib/thumb/v7e-m+fp/hard/libc_nano.a(lib_a-nano-mallocr.o)
 .debug_aranges
                0x0000000000001098       0x20 /usr/lib/gcc/arm-none-eabi/10.3.1/../../../arm-none-eabi/lib/thumb/v7e-m+fp/hard/libc_nano.a(lib_a-nano-reallocr.o)
 .debug_aranges
                0x00000000000010b8       0x20 /usr/lib/gcc/arm-none-eabi/10.3.1/../../../arm-none-eabi/lib/thumb/v7e-m+fp/hard/libc_nano.a(lib_a-sbrkr.o)
 .debug_aranges
                0x00000000000010d8       0x20 /usr/lib/gcc/arm-none-eabi/10.3.1/../../../arm-none-eabi/lib/thumb/v7e-m+fp/hard/libc_nano.a(lib_a-mlock.o)
 .debug_aranges
                0x00000000000010f8       0x20 /usr/lib/gcc/arm-none-eabi/10.3.1/../../../arm-none-eabi/lib/thumb/v7e-m+fp/hard/libc_nano.a(lib_a-nano-msizer.o)
 .debug_aranges
                0x0000000000001118       0x20 /usr/lib/gcc/arm-none-eabi/10.3.1/../../../arm-none-eabi/lib/thumb/v7e-m+fp/hard/libc_nano.a(lib_a-reent.o)
 .debug_aranges
                0x0000000000001138       0x20 /usr/lib/gcc/arm-none-eabi/10.3.1/../../../arm-none-eabi/lib/thumb/v7e-m+fp/hard/libnosys.a(sbrk.o)
 .debug_aranges
                0x0000000000001158       0x20 /usr/lib/gcc/arm-none-eabi/10.3.1/thumb/v7e-m+fp/hard/libgcc.a(_aeabi_uldivmod.o)
 .debug_aranges
                0x0000000000001178       0x20 /usr/lib/gcc/arm-none-eabi/10.3.1/thumb/v7e-m+fp/hard/libgcc.a(_udivmoddi4.o)
 .debug_aranges
                0x0000000000001198       0x20 /usr/lib/gcc/arm-none-eabi/10.3.1/thumb/v7e-m+fp/hard/libgcc.a(_dvmd_tls.o)

.debug_ranges   0x0000000000000000     0x10f0
 .debug_ranges  0x0000000000000000       0x20 build/main.o
 .debug_ranges  0x0000000000000020       0x10 build/gpio.o
 .debug_ranges  0x0000000000000030       0x20 build/spi.o
 .debug_ranges  0x0000000000000050       0x20 build/tim.o
 .debug_ranges  0x0000000000000070       0x30 build/led.o
 .debug_ranges  0x00000000000000a0       0x88 build/console.o
 .debug_ranges  0x0000000000000128       0x20 build/usart.o
 .debug_ranges  0x0000000000000148       0x58 build/stm32f4xx_it.o
 .debug_ranges  0x00000000000001a0       0x10 build/stm32f4xx_hal_msp.o
 .debug_ranges  0x00000000000001b0      0x1c0 build/stm32f4xx_hal_spi.o
 .debug_ranges  0x0000000000000370       0x90 build/stm32f4xx_hal_rcc.o
 .debug_ranges  0x0000000000000400       0x80 build/stm32f4xx_hal_rcc_ex.o
 .debug_ranges  0x0000000000000480       0x48 build/stm32f4xx_hal_gpio.o
 .debug_ranges  0x00000000000004c8       0x80 build/stm32f4xx_hal_dma.o
 .debug_ranges  0x0000000000000548       0xf8 build/stm32f4xx_hal_cortex.o
 .debug_ranges  0x0000000000000640       0xe0 build/stm32f4xx_hal.o
 .debug_ranges  0x0000000000000720      0x3c0 build/stm32f4xx_hal_tim.o
 .debug_ranges  0x0000000000000ae0      0x158 build/stm32f4xx_hal_tim_ex.o
 .debug_ranges  0x0000000000000c38      0x208 build/stm32f4xx_hal_uart.o
 .debug_ranges  0x0000000000000e40       0x18 build/system_stm32f4xx.o
 .debug_ranges  0x0000000000000e58       0x20 build/startup_stm32f446xx.o
 .debug_ranges  0x0000000000000e78       0x58 /usr/lib/gcc/arm-none-eabi/10.3.1/../../../arm-none-eabi/lib/thumb/v7e-m+fp/hard/libc_nano.a(lib_a-strtol.o)
 .debug_ranges  0x0000000000000ed0       0x40 /usr/lib/gcc/arm-none-eabi/10.3.1/../../../arm-none-eabi/lib/thumb/v7e-m+fp/hard/libc_nano.a(lib_a-nano-svfprintf.o)
 .debug_ranges  0x0000000000000f10       0xa0 /usr/lib/gcc/arm-none-eabi/10.3.1/../../../arm-none-eabi/lib/thumb/v7e-m+fp/hard/libc_nano.a(lib_a-nano-vfprintf_i.o)
 .debug_ranges  0x0000000000000fb0       0x20 /usr/lib/gcc/arm-none-eabi/10.3.1/../../../arm-none-eabi/lib/thumb/v7e-m+fp/hard/libc_nano.a(lib_a-nano-freer.o)
 .debug_ranges  0x0000000000000fd0       0x38 /usr/lib/gcc/arm-none-eabi/10.3.1/../../../arm-none-eabi/lib/thumb/v7e-m+fp/hard/libc_nano.a(lib_a-nano-mallocr.o)
 .debug_ranges  0x0000000000001008       0xe8 /usr/lib/gcc/arm-none-eabi/10.3.1/thumb/v7e-m+fp/hard/libgcc.a(_udivmoddi4.o)

.debug_line     0x0000000000000000    0x15aa0
 .debug_line    0x0000000000000000      0x2c6 build/main.o
 .debug_line    0x00000000000002c6      0x19d build/gpio.o
 .debug_line    0x0000000000000463      0x2b4 build/spi.o
 .debug_line    0x0000000000000717      0x2e7 build/tim.o
 .debug_line    0x00000000000009fe      0x1ec build/led.o
 .debug_line    0x0000000000000bea      0x33b build/console.o
 .debug_line    0x0000000000000f25      0x25d build/usart.o
 .debug_line    0x0000000000001182      0x265 build/stm32f4xx_it.o
 .debug_line    0x00000000000013e7      0x10d build/stm32f4xx_hal_msp.o
 .debug_line    0x00000000000014f4     0x2460 build/stm32f4xx_hal_spi.o
 .debug_line    0x0000000000003954      0xa89 build/stm32f4xx_hal_rcc.o
 .debug_line    0x00000000000043dd     0x12ec build/stm32f4xx_hal_rcc_ex.o
 .debug_line    0x00000000000056c9      0x64e build/stm32f4xx_hal_gpio.o
 .debug_line    0x0000000000005d17      0xd9c build/stm32f4xx_hal_dma.o
 .debug_line    0x0000000000006ab3      0x6ef build/stm32f4xx_hal_cortex.o
 .debug_line    0x00000000000071a2      0x4dc build/stm32f4xx_hal.o
 .debug_line    0x000000000000767e     0x4a19 build/stm32f4xx_hal_tim.o
 .debug_line    0x000000000000c097     0x1c3d build/stm32f4xx_hal_tim_ex.o
 .debug_line    0x000000000000dcd4     0x4565 build/stm32f4xx_hal_uart.o
 .debug_line    0x0000000000012239      0x1c7 build/system_stm32f4xx.o
 .debug_line    0x0000000000012400       0x76 build/startup_stm32f446xx.o
 .debug_line    0x0000000000012476      0x14f /usr/lib/gcc/arm-none-eabi/10.3.1/../../../arm-none-eabi/lib/thumb/v7e-m+fp/hard/libc_nano.a(lib_a-atoi.o)
 .debug_line    0x00000000000125c5       0xe4 /usr/lib/gcc/arm-none-eabi/10.3.1/../../../arm-none-eabi/lib/thumb/v7e-m+fp/hard/libc_nano.a(lib_a-impure.o)
 .debug_line    0x00000000000126a9      0x138 /usr/lib/gcc/arm-none-eabi/10.3.1/../../../arm-none-eabi/lib/thumb/v7e-m+fp/hard/libc_nano.a(lib_a-init.o)
 .debug_line    0x00000000000127e1      0x1bf /usr/lib/gcc/arm-none-eabi/10.3.1/../../../arm-none-eabi/lib/thumb/v7e-m+fp/hard/libc_nano.a(lib_a-memset.o)
 .debug_line    0x00000000000129a0      0x37e /usr/lib/gcc/arm-none-eabi/10.3.1/../../../arm-none-eabi/lib/thumb/v7e-m+fp/hard/libc_nano.a(lib_a-snprintf.o)
 .debug_line    0x0000000000012d1e      0x41d /usr/lib/gcc/arm-none-eabi/10.3.1/../../../arm-none-eabi/lib/thumb/v7e-m+fp/hard/libc_nano.a(lib_a-strtol.o)
 .debug_line    0x000000000001313b       0x5e /usr/lib/gcc/arm-none-eabi/10.3.1/../../../arm-none-eabi/lib/thumb/v7e-m+fp/hard/libc_nano.a(lib_a-ctype_.o)
 .debug_line    0x0000000000013199      0x109 /usr/lib/gcc/arm-none-eabi/10.3.1/../../../arm-none-eabi/lib/thumb/v7e-m+fp/hard/libc_nano.a(lib_a-errno.o)
 .debug_line    0x00000000000132a2      0x83a /usr/lib/gcc/arm-none-eabi/10.3.1/../../../arm-none-eabi/lib/thumb/v7e-m+fp/hard/libc_nano.a(lib_a-nano-svfprintf.o)
 .debug_line    0x0000000000013adc      0x746 /usr/lib/gcc/arm-none-eabi/10.3.1/../../../arm-none-eabi/lib/thumb/v7e-m+fp/hard/libc_nano.a(lib_a-nano-vfprintf_i.o)
 .debug_line    0x0000000000014222       0xa4 /usr/lib/gcc/arm-none-eabi/10.3.1/../../../arm-none-eabi/lib/thumb/v7e-m+fp/hard/libc_nano.a(lib_a-memchr.o)
 .debug_line    0x00000000000142c6       0xbe /usr/lib/gcc/arm-none-eabi/10.3.1/../../../arm-none-eabi/lib/thumb/v7e-m+fp/hard/libc_nano.a(lib_a-memcpy.o)
 .debug_line    0x0000000000014384      0x1ee /usr/lib/gcc/arm-none-eabi/10.3.1/../../../arm-none-eabi/lib/thumb/v7e-m+fp/hard/libc_nano.a(lib_a-memmove.o)
 .debug_line    0x0000000000014572      0x2ca /usr/lib/gcc/arm-none-eabi/10.3.1/../../../arm-none-eabi/lib/thumb/v7e-m+fp/hard/libc_nano.a(lib_a-nano-freer.o)
 .debug_line    0x000000000001483c      0x2d0 /usr/lib/gcc/arm-none-eabi/10.3.1/../../../arm-none-eabi/lib/thumb/v7e-m+fp/hard/libc_nano.a(lib_a-nano-mallocr.o)
 .debug_line    0x0000000000014b0c      0x1c5 /usr/lib/gcc/arm-none-eabi/10.3.1/../../../arm-none-eabi/lib/thumb/v7e-m+fp/hard/libc_nano.a(lib_a-nano-reallocr.o)
 .debug_line    0x0000000000014cd1      0x183 /usr/lib/gcc/arm-none-eabi/10.3.1/../../../arm-none-eabi/lib/thumb/v7e-m+fp/hard/libc_nano.a(lib_a-sbrkr.o)
 .debug_line    0x0000000000014e54      0x13e /usr/lib/gcc/arm-none-eabi/10.3.1/../../../arm-none-eabi/lib/thumb/v7e-m+fp/hard/libc_nano.a(lib_a-mlock.o)
 .debug_line    0x0000000000014f92      0x160 /usr/lib/gcc/arm-none-eabi/10.3.1/../../../arm-none-eabi/lib/thumb/v7e-m+fp/hard/libc_nano.a(lib_a-nano-msizer.o)
 .debug_line    0x00000000000150f2      0x2c7 /usr/lib/gcc/arm-none-eabi/10.3.1/../../../arm-none-eabi/lib/thumb/v7e-m+fp/hard/libc_nano.a(lib_a-reent.o)
 .debug_line    0x00000000000153b9       0x79 /usr/lib/gcc/arm-none-eabi/10.3.1/../../../arm-none-eabi/lib/thumb/v7e-m+fp/hard/libnosys.a(sbrk.o)
 .debug_line    0x0000000000015432       0x60 /usr/lib/gcc/arm-none-eabi/10.3.1/thumb/v7e-m+fp/hard/libgcc.a(_aeabi_uldivmod.o)
 .debug_line    0x0000000000015492      0x5ae /usr/lib/gcc/arm-none-eabi/10.3.1/thumb/v7e-m+fp/hard/libgcc.a(_udivmoddi4.o)
 .debug_line    0x0000000000015a40       0x60 /usr/lib/gcc/arm-none-eabi/10.3.1/thumb/v7e-m+fp/hard/libgcc.a(_dvmd_tls.o)

.debug_str      0x0000000000000000     0x5e65
 .debug_str     0x0000000000000000      0x486 build/main.o
                                        0x4d0 (size before relaxing)
 .debug_str     0x0000000000000486       0xbd build/gpio.o
                                        0x362 (size before relaxing)
 .debug_str     0x0000000000000543      0x42d build/spi.o
                                        0x7e1 (size before relaxing)
 .debug_str     0x0000000000000970      0x521 build/tim.o
                                        0xaa1 (size before relaxing)
 .debug_str     0x0000000000000e91       0xbf build/led.o
                                        0x2b7 (size before relaxing)
 .debug_str     0x0000000000000f50      0x32a build/console.o
                                        0x7b4 (size before relaxing)
 .debug_str     0x000000000000127a      0x59f build/usart.o
                                        0xd53 (size before relaxing)
 .debug_str     0x0000000000001819       0xda build/stm32f4xx_it.o
                                        0x68f (size before relaxing)
 .debug_str     0x00000000000018f3       0x46 build/stm32f4xx_hal_msp.o
                                        0x2d9 (size before relaxing)
 .debug_str     0x0000000000001939      0x588 build/stm32f4xx_hal_spi.o
                                        0xbc1 (size before relaxing)
 .debug_str     0x0000000000001ec1      0x1fc build/stm32f4xx_hal_rcc.o
                                        0x6ec (size before relaxing)
 .debug_str     0x00000000000020bd      0x344 build/stm32f4xx_hal_rcc_ex.o
                                        0x7de (size before relaxing)
 .debug_str     0x0000000000002401      0x112 build/stm32f4xx_hal_gpio.o
                                        0x4cc (size before relaxing)
 .debug_str     0x0000000000002513      0x2d3 build/stm32f4xx_hal_dma.o
                                        0x748 (size before relaxing)
 .debug_str     0x00000000000027e6      0x4ae build/stm32f4xx_hal_cortex.o
                                        0xc35 (size before relaxing)
 .debug_str     0x0000000000002c94      0x29f build/stm32f4xx_hal.o
                                        0xb9c (size before relaxing)
 .debug_str     0x0000000000002f33      0xdcd build/stm32f4xx_hal_tim.o
                                       0x168a (size before relaxing)
 .debug_str     0x0000000000003d00      0x46f build/stm32f4xx_hal_tim_ex.o
                                        0xe8b (size before relaxing)
 .debug_str     0x000000000000416f      0x5ab build/stm32f4xx_hal_uart.o
                                        0xd15 (size before relaxing)
 .debug_str     0x000000000000471a       0x47 build/system_stm32f4xx.o
                                        0x36c (size before relaxing)
 .debug_str     0x0000000000004761       0x22 build/startup_stm32f446xx.o
                                         0x4f (size before relaxing)
 .debug_str     0x0000000000004783      0x419 /usr/lib/gcc/arm-none-eabi/10.3.1/../../../arm-none-eabi/lib/thumb/v7e-m+fp/hard/libc_nano.a(lib_a-atoi.o)
                                        0x512 (size before relaxing)
 .debug_str     0x0000000000004b9c       0xf2 /usr/lib/gcc/arm-none-eabi/10.3.1/../../../arm-none-eabi/lib/thumb/v7e-m+fp/hard/libc_nano.a(lib_a-impure.o)
                                        0x55e (size before relaxing)
 .debug_str     0x0000000000004c8e       0xf6 /usr/lib/gcc/arm-none-eabi/10.3.1/../../../arm-none-eabi/lib/thumb/v7e-m+fp/hard/libc_nano.a(lib_a-init.o)
                                        0x20b (size before relaxing)
 .debug_str     0x0000000000004d84       0xaa /usr/lib/gcc/arm-none-eabi/10.3.1/../../../arm-none-eabi/lib/thumb/v7e-m+fp/hard/libc_nano.a(lib_a-memset.o)
                                        0x1c0 (size before relaxing)
 .debug_str     0x0000000000004e2e       0xcd /usr/lib/gcc/arm-none-eabi/10.3.1/../../../arm-none-eabi/lib/thumb/v7e-m+fp/hard/libc_nano.a(lib_a-snprintf.o)
                                        0x55b (size before relaxing)
 .debug_str     0x0000000000004efb      0x1f0 /usr/lib/gcc/arm-none-eabi/10.3.1/../../../arm-none-eabi/lib/thumb/v7e-m+fp/hard/libc_nano.a(lib_a-strtol.o)
                                        0x77a (size before relaxing)
 .debug_str     0x00000000000050eb       0x94 /usr/lib/gcc/arm-none-eabi/10.3.1/../../../arm-none-eabi/lib/thumb/v7e-m+fp/hard/libc_nano.a(lib_a-ctype_.o)
                                        0x1a4 (size before relaxing)
 .debug_str     0x000000000000517f       0x93 /usr/lib/gcc/arm-none-eabi/10.3.1/../../../arm-none-eabi/lib/thumb/v7e-m+fp/hard/libc_nano.a(lib_a-errno.o)
                                        0x507 (size before relaxing)
 .debug_str     0x0000000000005212      0x14b /usr/lib/gcc/arm-none-eabi/10.3.1/../../../arm-none-eabi/lib/thumb/v7e-m+fp/hard/libc_nano.a(lib_a-nano-svfprintf.o)
                                        0x855 (size before relaxing)
 .debug_str     0x000000000000535d       0x8d /usr/lib/gcc/arm-none-eabi/10.3.1/../../../arm-none-eabi/lib/thumb/v7e-m+fp/hard/libc_nano.a(lib_a-nano-vfprintf_i.o)
                                        0x7ec (size before relaxing)
 .debug_str     0x00000000000053ea       0xaf /usr/lib/gcc/arm-none-eabi/10.3.1/../../../arm-none-eabi/lib/thumb/v7e-m+fp/hard/libc_nano.a(lib_a-memchr.o)
 .debug_str     0x0000000000005499       0x43 /usr/lib/gcc/arm-none-eabi/10.3.1/../../../arm-none-eabi/lib/thumb/v7e-m+fp/hard/libc_nano.a(lib_a-memcpy.o)
                                         0xb6 (size before relaxing)
 .debug_str     0x00000000000054dc       0x66 /usr/lib/gcc/arm-none-eabi/10.3.1/../../../arm-none-eabi/lib/thumb/v7e-m+fp/hard/libc_nano.a(lib_a-memmove.o)
                                        0x1df (size before relaxing)
 .debug_str     0x0000000000005542       0xb4 /usr/lib/gcc/arm-none-eabi/10.3.1/../../../arm-none-eabi/lib/thumb/v7e-m+fp/hard/libc_nano.a(lib_a-nano-freer.o)
                                        0x595 (size before relaxing)
 .debug_str     0x00000000000055f6       0x46 /usr/lib/gcc/arm-none-eabi/10.3.1/../../../arm-none-eabi/lib/thumb/v7e-m+fp/hard/libc_nano.a(lib_a-nano-mallocr.o)
                                        0x5c0 (size before relaxing)
 .debug_str     0x000000000000563c       0x23 /usr/lib/gcc/arm-none-eabi/10.3.1/../../../arm-none-eabi/lib/thumb/v7e-m+fp/hard/libc_nano.a(lib_a-nano-reallocr.o)
                                        0x57f (size before relaxing)
 .debug_str     0x000000000000565f       0x47 /usr/lib/gcc/arm-none-eabi/10.3.1/../../../arm-none-eabi/lib/thumb/v7e-m+fp/hard/libc_nano.a(lib_a-sbrkr.o)
                                        0x516 (size before relaxing)
 .debug_str     0x00000000000056a6       0x4c /usr/lib/gcc/arm-none-eabi/10.3.1/../../../arm-none-eabi/lib/thumb/v7e-m+fp/hard/libc_nano.a(lib_a-mlock.o)
                                        0x52c (size before relaxing)
 .debug_str     0x00000000000056f2        0xf /usr/lib/gcc/arm-none-eabi/10.3.1/../../../arm-none-eabi/lib/thumb/v7e-m+fp/hard/libc_nano.a(lib_a-nano-msizer.o)
                                        0x55d (size before relaxing)
 .debug_str     0x0000000000005701       0x5e /usr/lib/gcc/arm-none-eabi/10.3.1/../../../arm-none-eabi/lib/thumb/v7e-m+fp/hard/libc_nano.a(lib_a-reent.o)
                                        0x53e (size before relaxing)
 .debug_str     0x000000000000575f       0xf8 /usr/lib/gcc/arm-none-eabi/10.3.1/../../../arm-none-eabi/lib/thumb/v7e-m+fp/hard/libnosys.a(sbrk.o)
                                        0x111 (size before relaxing)
 .debug_str     0x0000000000005857       0x9a /usr/lib/gcc/arm-none-eabi/10.3.1/thumb/v7e-m+fp/hard/libgcc.a(_aeabi_uldivmod.o)
                                         0xa6 (size before relaxing)
 .debug_str     0x00000000000058f1      0x544 /usr/lib/gcc/arm-none-eabi/10.3.1/thumb/v7e-m+fp/hard/libgcc.a(_udivmoddi4.o)
                                        0x647 (size before relaxing)
 .debug_str     0x0000000000005e35       0x30 /usr/lib/gcc/arm-none-eabi/10.3.1/thumb/v7e-m+fp/hard/libgcc.a(_dvmd_tls.o)
                                         0xaa (size before relaxing)

.debug_frame    0x0000000000000000     0x2bf4
 .debug_frame   0x0000000000000000       0x58 build/main.o
 .debug_frame   0x0000000000000058       0x34 build/gpio.o
 .debug_frame   0x000000000000008c       0x68 build/spi.o
 .debug_frame   0x00000000000000f4       0x5c build/tim.o
 .debug_frame   0x0000000000000150       0x78 build/led.o
 .debug_frame   0x00000000000001c8       0xb4 build/console.o
 .debug_frame   0x000000000000027c       0x60 build/usart.o
 .debug_frame   0x00000000000002dc       0xc0 build/stm32f4xx_it.o
 .debug_frame   0x000000000000039c       0x2c build/stm32f4xx_hal_msp.o
 .debug_frame   0x00000000000003c8      0x5a4 build/stm32f4xx_hal_spi.o
 .debug_frame   0x000000000000096c      0x16c build/stm32f4xx_hal_rcc.o
 .debug_frame   0x0000000000000ad8      0x14c build/stm32f4xx_hal_rcc_ex.o
 .debug_frame   0x0000000000000c24       0xd8 build/stm32f4xx_hal_gpio.o
 .debug_frame   0x0000000000000cfc      0x188 build/stm32f4xx_hal_dma.o
 .debug_frame   0x0000000000000e84      0x148 build/stm32f4xx_hal_cortex.o
 .debug_frame   0x0000000000000fcc      0x1ec build/stm32f4xx_hal.o
 .debug_frame   0x00000000000011b8      0xb0c build/stm32f4xx_hal_tim.o
 .debug_frame   0x0000000000001cc4      0x40c build/stm32f4xx_hal_tim_ex.o
 .debug_frame   0x00000000000020d0      0x5cc build/stm32f4xx_hal_uart.o
 .debug_frame   0x000000000000269c       0x30 build/system_stm32f4xx.o
 .debug_frame   0x00000000000026cc       0x30 /usr/lib/gcc/arm-none-eabi/10.3.1/../../../arm-none-eabi/lib/thumb/v7e-m+fp/hard/libc_nano.a(lib_a-atoi.o)
 .debug_frame   0x00000000000026fc       0x2c /usr/lib/gcc/arm-none-eabi/10.3.1/../../../arm-none-eabi/lib/thumb/v7e-m+fp/hard/libc_nano.a(lib_a-init.o)
 .debug_frame   0x0000000000002728       0x2c /usr/lib/gcc/arm-none-eabi/10.3.1/../../../arm-none-eabi/lib/thumb/v7e-m+fp/hard/libc_nano.a(lib_a-memset.o)
 .debug_frame   0x0000000000002754       0x94 /usr/lib/gcc/arm-none-eabi/10.3.1/../../../arm-none-eabi/lib/thumb/v7e-m+fp/hard/libc_nano.a(lib_a-snprintf.o)
 .debug_frame   0x00000000000027e8       0x80 /usr/lib/gcc/arm-none-eabi/10.3.1/../../../arm-none-eabi/lib/thumb/v7e-m+fp/hard/libc_nano.a(lib_a-strtol.o)
 .debug_frame   0x0000000000002868       0x20 /usr/lib/gcc/arm-none-eabi/10.3.1/../../../arm-none-eabi/lib/thumb/v7e-m+fp/hard/libc_nano.a(lib_a-errno.o)
 .debug_frame   0x0000000000002888       0x98 /usr/lib/gcc/arm-none-eabi/10.3.1/../../../arm-none-eabi/lib/thumb/v7e-m+fp/hard/libc_nano.a(lib_a-nano-svfprintf.o)
 .debug_frame   0x0000000000002920       0x6c /usr/lib/gcc/arm-none-eabi/10.3.1/../../../arm-none-eabi/lib/thumb/v7e-m+fp/hard/libc_nano.a(lib_a-nano-vfprintf_i.o)
 .debug_frame   0x000000000000298c       0x40 /usr/lib/gcc/arm-none-eabi/10.3.1/../../../arm-none-eabi/lib/thumb/v7e-m+fp/hard/libc_nano.a(lib_a-memmove.o)
 .debug_frame   0x00000000000029cc       0x54 /usr/lib/gcc/arm-none-eabi/10.3.1/../../../arm-none-eabi/lib/thumb/v7e-m+fp/hard/libc_nano.a(lib_a-nano-freer.o)
 .debug_frame   0x0000000000002a20       0x30 /usr/lib/gcc/arm-none-eabi/10.3.1/../../../arm-none-eabi/lib/thumb/v7e-m+fp/hard/libc_nano.a(lib_a-nano-mallocr.o)
 .debug_frame   0x0000000000002a50       0x38 /usr/lib/gcc/arm-none-eabi/10.3.1/../../../arm-none-eabi/lib/thumb/v7e-m+fp/hard/libc_nano.a(lib_a-nano-reallocr.o)
 .debug_frame   0x0000000000002a88       0x2c /usr/lib/gcc/arm-none-eabi/10.3.1/../../../arm-none-eabi/lib/thumb/v7e-m+fp/hard/libc_nano.a(lib_a-sbrkr.o)
 .debug_frame   0x0000000000002ab4       0x30 /usr/lib/gcc/arm-none-eabi/10.3.1/../../../arm-none-eabi/lib/thumb/v7e-m+fp/hard/libc_nano.a(lib_a-mlock.o)
 .debug_frame   0x0000000000002ae4       0x20 /usr/lib/gcc/arm-none-eabi/10.3.1/../../../arm-none-eabi/lib/thumb/v7e-m+fp/hard/libc_nano.a(lib_a-nano-msizer.o)
 .debug_frame   0x0000000000002b04       0x70 /usr/lib/gcc/arm-none-eabi/10.3.1/../../../arm-none-eabi/lib/thumb/v7e-m+fp/hard/libc_nano.a(lib_a-reent.o)
 .debug_frame   0x0000000000002b74       0x20 /usr/lib/gcc/arm-none-eabi/10.3.1/../../../arm-none-eabi/lib/thumb/v7e-m+fp/hard/libnosys.a(sbrk.o)
 .debug_frame   0x0000000000002b94       0x2c /usr/lib/gcc/arm-none-eabi/10.3.1/thumb/v7e-m+fp/hard/libgcc.a(_aeabi_uldivmod.o)
 .debug_frame   0x0000000000002bc0       0x34 /usr/lib/gcc/arm-none-eabi/10.3.1/thumb/v7e-m+fp/hard/libgcc.a(_udivmoddi4.o)

Cross Reference Table

Symbol                                            File
ADC_IRQHandler                                    build/startup_stm32f446xx.o
AHBPrescTable                                     build/system_stm32f4xx.o
                                                  build/stm32f4xx_hal_rcc.o
APBPrescTable                                     build/system_stm32f4xx.o
                                                  build/stm32f4xx_hal_rcc.o
BusFault_Handler                                  build/stm32f4xx_it.o
CAN1_RX0_IRQHandler                               build/startup_stm32f446xx.o
CAN1_RX1_IRQHandler                               build/startup_stm32f446xx.o
CAN1_SCE_IRQHandler                               build/startup_stm32f446xx.o
CAN1_TX_IRQHandler                                build/startup_stm32f446xx.o
CAN2_RX0_IRQHandler                               build/startup_stm32f446xx.o
CAN2_RX1_IRQHandler                               build/startup_stm32f446xx.o
CAN2_SCE_IRQHandler                               build/startup_stm32f446xx.o
CAN2_TX_IRQHandler                                build/startup_stm32f446xx.o
CEC_IRQHandler                                    build/startup_stm32f446xx.o
DCMI_IRQHandler                                   build/startup_stm32f446xx.o
DMA1_Stream0_IRQHandler                           build/startup_stm32f446xx.o
DMA1_Stream1_IRQHandler                           build/startup_stm32f446xx.o
DMA1_Stream2_IRQHandler                           build/startup_stm32f446xx.o
DMA1_Stream3_IRQHandler                           build/startup_stm32f446xx.o
DMA1_Stream4_IRQHandler                           build/startup_stm32f446xx.o
DMA1_Stream5_IRQHandler                           build/startup_stm32f446xx.o
DMA1_Stream6_IRQHandler                           build/startup_stm32f446xx.o
DMA1_Stream7_IRQHandler                           build/startup_stm32f446xx.o
DMA2_Stream0_IRQHandler                           build/startup_stm32f446xx.o
DMA2_Stream1_IRQHandler                           build/startup_stm32f446xx.o
DMA2_Stream2_IRQHandler                           build/startup_stm32f446xx.o
DMA2_Stream3_IRQHandler                           build/startup_stm32f446xx.o
DMA2_Stream4_IRQHandler                           build/startup_stm32f446xx.o
DMA2_Stream5_IRQHandler                           build/startup_stm32f446xx.o
DMA2_Stream6_IRQHandler                           build/startup_stm32f446xx.o
DMA2_Stream7_IRQHandler                           build/startup_stm32f446xx.o
DebugMon_Handler                                  build/stm32f4xx_it.o
Default_Handler                                   build/startup_stm32f446xx.o
EXTI0_IRQHandler                                  build/startup_stm32f446xx.o
EXTI15_10_IRQHandler                              build/startup_stm32f446xx.o
EXTI1_IRQHandler                                  build/startup_stm32f446xx.o
EXTI2_IRQHandler                                  build/startup_stm32f446xx.o
EXTI3_IRQHandler                                  build/startup_stm32f446xx.o
EXTI4_IRQHandler                                  build/startup_stm32f446xx.o
EXTI9_5_IRQHandler                                build/startup_stm32f446xx.o
Error_Handler                                     build/main.o
                                                  build/usart.o
                                                  build/tim.o
                                                  build/spi.o
FLASH_Erase_Sector                                build/stm32f4xx_hal_flash_ex.o
                                                  build/stm32f4xx_hal_flash.o
FLASH_FlushCaches                                 build/stm32f4xx_hal_flash_ex.o
                                                  build/stm32f4xx_hal_flash.o
FLASH_IRQHandler                                  build/startup_stm32f446xx.o
FLASH_WaitForLastOperation                        build/stm32f4xx_hal_flash.o
                                                  build/stm32f4xx_hal_flash_ex.o
FMC_IRQHandler                                    build/startup_stm32f446xx.o
FMPI2C1_ER_IRQHandler                             build/startup_stm32f446xx.o
FMPI2C1_EV_IRQHandler                             build/startup_stm32f446xx.o
FPU_IRQHandler                                    build/startup_stm32f446xx.o
HAL_DBGMCU_DisableDBGSleepMode                    build/stm32f4xx_hal.o
HAL_DBGMCU_DisableDBGStandbyMode                  build/stm32f4xx_hal.o
HAL_DBGMCU_DisableDBGStopMode                     build/stm32f4xx_hal.o
HAL_DBGMCU_EnableDBGSleepMode                     build/stm32f4xx_hal.o
HAL_DBGMCU_EnableDBGStandbyMode                   build/stm32f4xx_hal.o
HAL_DBGMCU_EnableDBGStopMode                      build/stm32f4xx_hal.o
HAL_DMAEx_ChangeMemory                            build/stm32f4xx_hal_dma_ex.o
HAL_DMAEx_MultiBufferStart                        build/stm32f4xx_hal_dma_ex.o
HAL_DMAEx_MultiBufferStart_IT                     build/stm32f4xx_hal_dma_ex.o
HAL_DMA_Abort                                     build/stm32f4xx_hal_dma.o
                                                  build/stm32f4xx_hal_uart.o
                                                  build/stm32f4xx_hal_spi.o
HAL_DMA_Abort_IT                                  build/stm32f4xx_hal_dma.o
                                                  build/stm32f4xx_hal_uart.o
                                                  build/stm32f4xx_hal_tim_ex.o
                                                  build/stm32f4xx_hal_tim.o
                                                  build/stm32f4xx_hal_spi.o
HAL_DMA_DeInit                                    build/stm32f4xx_hal_dma.o
HAL_DMA_GetError                                  build/stm32f4xx_hal_dma.o
                                                  build/stm32f4xx_hal_uart.o
HAL_DMA_GetState                                  build/stm32f4xx_hal_dma.o
HAL_DMA_IRQHandler                                build/stm32f4xx_hal_dma.o
HAL_DMA_Init                                      build/stm32f4xx_hal_dma.o
HAL_DMA_PollForTransfer                           build/stm32f4xx_hal_dma.o
HAL_DMA_RegisterCallback                          build/stm32f4xx_hal_dma.o
HAL_DMA_Start                                     build/stm32f4xx_hal_dma.o
HAL_DMA_Start_IT                                  build/stm32f4xx_hal_dma.o
                                                  build/stm32f4xx_hal_uart.o
                                                  build/stm32f4xx_hal_tim_ex.o
                                                  build/stm32f4xx_hal_tim.o
                                                  build/stm32f4xx_hal_spi.o
HAL_DMA_UnRegisterCallback                        build/stm32f4xx_hal_dma.o